#-----------------------------------------------------------
# Vivado v2020.1 (64-bit)
# SW Build 2902540 on Wed May 27 19:54:49 MDT 2020
# IP Build 2902112 on Wed May 27 22:43:36 MDT 2020
# Start of session at: Mon Aug 31 09:57:20 2026
# Process ID: 2840
# Current directory: D:/VIVADO/Sistemas Electronicos Programables/PROYECTO_1/memorice_proy01/GSA
# Command line: vivado.exe -gui_launcher_event rodinguilauncherevent8892 D:\VIVADO\Sistemas Electronicos Programables\PROYECTO_1\memorice_proy01\GSA\GSA.xpr
# Log file: D:/VIVADO/Sistemas Electronicos Programables/PROYECTO_1/memorice_proy01/GSA/vivado.log
# Journal file: D:/VIVADO/Sistemas Electronicos Programables/PROYECTO_1/memorice_proy01/GSA\vivado.jou
#-----------------------------------------------------------
start_gui
open_project {D:/VIVADO/Sistemas Electronicos Programables/PROYECTO_1/memorice_proy01/GSA/GSA.xpr}
INFO: [Project 1-313] Project file moved from 'D:/VIVADO/Sistemas Electronicos Programables/PROYECTO_01/GSA' since last save.
Scanning sources...
Finished scanning sources
INFO: [IP_Flow 19-234] Refreshing IP repositories
INFO: [IP_Flow 19-1704] No user IP repositories specified
INFO: [IP_Flow 19-2313] Loaded Vivado IP repository 'D:/VIVADO/Vivado/2020.1/data/ip'.
open_project: Time (s): cpu = 00:00:10 ; elapsed = 00:00:05 . Memory (MB): peak = 1294.980 ; gain = 0.000
update_compile_order -fileset sources_1
exit
INFO: [Common 17-206] Exiting Vivado at Mon Aug 31 10:05:13 2026...
