
*** Running vivado
    with args -log system_top.vds -m64 -product Vivado -mode batch -messageDb vivado.pb -notrace -source system_top.tcl



****** Vivado v2020.1 (64-bit)
  **** SW Build 2902540 on Wed May 27 19:54:49 MDT 2020
  **** IP Build 2902112 on Wed May 27 22:43:36 MDT 2020
    ** Copyright 1986-2020 Xilinx, Inc. All Rights Reserved.

source system_top.tcl -notrace
INFO: [IP_Flow 19-234] Refreshing IP repositories
INFO: [IP_Flow 19-1700] Loaded user IP repository 'c:/SEP y Anal/Proyecto_01_SEP/memorice_proy01/ip_repo/game_logic_axi_1.0'.
INFO: [IP_Flow 19-1700] Loaded user IP repository 'c:/SEP y Anal/Proyecto_01_SEP/memorice_proy01/ip_repo/seq_mem_axi_1.0'.
INFO: [IP_Flow 19-2313] Loaded Vivado IP repository 'C:/Xilinx/Vivado/2020.1/data/ip'.
WARNING: [IP_Flow 19-4995] The host OS only allows 260 characters in a normal path. The IP cache path is more than 80 characters. If you experience issues with IP caching, please consider changing the IP cache to a location with a shorter path. Alternately consider using the OS subst command to map part of the path to a drive letter. 
Current IP cache path is c:/SEP y Anal/Proyecto_01_SEP/memorice_proy01/memorice_proy01/memorice_proy01.cache/ip 
Command: synth_design -top system_top -part xc7z010clg400-1
Starting synth_design
Attempting to get a license for feature 'Synthesis' and/or device 'xc7z010'
INFO: [Common 17-349] Got license for feature 'Synthesis' and/or device 'xc7z010'
INFO: [Device 21-403] Loading part xc7z010clg400-1
INFO: [Synth 8-7079] Multithreading enabled for synth_design using a maximum of 2 processes.
INFO: [Synth 8-7078] Launching helper process for spawning children vivado processes
INFO: [Synth 8-7075] Helper process launched with PID 11256
---------------------------------------------------------------------------------
Starting RTL Elaboration : Time (s): cpu = 00:00:06 ; elapsed = 00:00:06 . Memory (MB): peak = 1073.410 ; gain = 0.000
---------------------------------------------------------------------------------
INFO: [Synth 8-638] synthesizing module 'system_top' [C:/SEP y Anal/Proyecto_01_SEP/memorice_proy01/memorice_proy01/memorice_proy01.srcs/sources_1/new/top.vhd:16]
INFO: [Synth 8-3491] module 'game_core' declared at 'C:/SEP y Anal/Proyecto_01_SEP/memorice_proy01/memorice_proy01/memorice_proy01.srcs/sources_1/new/game_core.vhd:4' bound to instance 'U_GAME_CORE' of component 'game_core' [C:/SEP y Anal/Proyecto_01_SEP/memorice_proy01/memorice_proy01/memorice_proy01.srcs/sources_1/new/top.vhd:68]
INFO: [Synth 8-638] synthesizing module 'game_core' [C:/SEP y Anal/Proyecto_01_SEP/memorice_proy01/memorice_proy01/memorice_proy01.srcs/sources_1/new/game_core.vhd:15]
	Parameter CLK_HZ bound to: 125000000 - type: integer 
	Parameter T0_MS bound to: 1200 - type: integer 
	Parameter T1_MS bound to: 800 - type: integer 
	Parameter T2_MS bound to: 500 - type: integer 
	Parameter T3_MS bound to: 300 - type: integer 
INFO: [Synth 8-3491] module 'gclk_sel' declared at 'C:/SEP y Anal/Proyecto_01_SEP/memorice_proy01/memorice_proy01/memorice_proy01.srcs/sources_1/new/gclk_sel.vhd:5' bound to instance 'U_GCLK_SEL' of component 'gclk_sel' [C:/SEP y Anal/Proyecto_01_SEP/memorice_proy01/memorice_proy01/memorice_proy01.srcs/sources_1/new/game_core.vhd:54]
INFO: [Synth 8-638] synthesizing module 'gclk_sel' [C:/SEP y Anal/Proyecto_01_SEP/memorice_proy01/memorice_proy01/memorice_proy01.srcs/sources_1/new/gclk_sel.vhd:20]
	Parameter CLK_HZ bound to: 125000000 - type: integer 
	Parameter T0_MS bound to: 1200 - type: integer 
	Parameter T1_MS bound to: 800 - type: integer 
	Parameter T2_MS bound to: 500 - type: integer 
	Parameter T3_MS bound to: 300 - type: integer 
INFO: [Synth 8-226] default block is never used [C:/SEP y Anal/Proyecto_01_SEP/memorice_proy01/memorice_proy01/memorice_proy01.srcs/sources_1/new/gclk_sel.vhd:28]
INFO: [Synth 8-256] done synthesizing module 'gclk_sel' (1#1) [C:/SEP y Anal/Proyecto_01_SEP/memorice_proy01/memorice_proy01/memorice_proy01.srcs/sources_1/new/gclk_sel.vhd:20]
	Parameter SEED_DEFAULT bound to: 8'b10110011 
	Parameter STEPS bound to: 8 - type: integer 
INFO: [Synth 8-3491] module 'rand_sec' declared at 'C:/SEP y Anal/Proyecto_01_SEP/memorice_proy01/memorice_proy01/memorice_proy01.srcs/sources_1/new/rand_sec.vhd:4' bound to instance 'U_RAND_SEC' of component 'rand_sec' [C:/SEP y Anal/Proyecto_01_SEP/memorice_proy01/memorice_proy01/memorice_proy01.srcs/sources_1/new/game_core.vhd:68]
INFO: [Synth 8-638] synthesizing module 'rand_sec' [C:/SEP y Anal/Proyecto_01_SEP/memorice_proy01/memorice_proy01/memorice_proy01.srcs/sources_1/new/rand_sec.vhd:18]
	Parameter SEED_DEFAULT bound to: 8'b10110011 
	Parameter STEPS bound to: 8 - type: integer 
INFO: [Synth 8-226] default block is never used [C:/SEP y Anal/Proyecto_01_SEP/memorice_proy01/memorice_proy01/memorice_proy01.srcs/sources_1/new/rand_sec.vhd:47]
INFO: [Synth 8-256] done synthesizing module 'rand_sec' (2#1) [C:/SEP y Anal/Proyecto_01_SEP/memorice_proy01/memorice_proy01/memorice_proy01.srcs/sources_1/new/rand_sec.vhd:18]
INFO: [Synth 8-256] done synthesizing module 'game_core' (3#1) [C:/SEP y Anal/Proyecto_01_SEP/memorice_proy01/memorice_proy01/memorice_proy01.srcs/sources_1/new/game_core.vhd:15]
INFO: [Synth 8-3491] module 'game_logic' declared at 'C:/SEP y Anal/Proyecto_01_SEP/memorice_proy01/memorice_proy01/memorice_proy01.srcs/sources_1/new/game_logic.vhd:5' bound to instance 'U_GAME_LOGIC' of component 'game_logic' [C:/SEP y Anal/Proyecto_01_SEP/memorice_proy01/memorice_proy01/memorice_proy01.srcs/sources_1/new/top.vhd:77]
INFO: [Synth 8-638] synthesizing module 'game_logic' [C:/SEP y Anal/Proyecto_01_SEP/memorice_proy01/memorice_proy01/memorice_proy01.srcs/sources_1/new/game_logic.vhd:26]
INFO: [Synth 8-3491] module 'game_fsm' declared at 'C:/SEP y Anal/Proyecto_01_SEP/memorice_proy01/memorice_proy01/memorice_proy01.srcs/sources_1/new/game_fsm.vhd:5' bound to instance 'U_FSM' of component 'game_fsm' [C:/SEP y Anal/Proyecto_01_SEP/memorice_proy01/memorice_proy01/memorice_proy01.srcs/sources_1/new/game_logic.vhd:128]
INFO: [Synth 8-638] synthesizing module 'game_fsm' [C:/SEP y Anal/Proyecto_01_SEP/memorice_proy01/memorice_proy01/memorice_proy01.srcs/sources_1/new/game_fsm.vhd:27]
INFO: [Synth 8-256] done synthesizing module 'game_fsm' (4#1) [C:/SEP y Anal/Proyecto_01_SEP/memorice_proy01/memorice_proy01/memorice_proy01.srcs/sources_1/new/game_fsm.vhd:27]
INFO: [Synth 8-3491] module 'input_det' declared at 'C:/SEP y Anal/Proyecto_01_SEP/memorice_proy01/memorice_proy01/memorice_proy01.srcs/sources_1/new/input_det.vhd:6' bound to instance 'U_INPUT' of component 'input_det' [C:/SEP y Anal/Proyecto_01_SEP/memorice_proy01/memorice_proy01/memorice_proy01.srcs/sources_1/new/game_logic.vhd:137]
INFO: [Synth 8-638] synthesizing module 'input_det' [C:/SEP y Anal/Proyecto_01_SEP/memorice_proy01/memorice_proy01/memorice_proy01.srcs/sources_1/new/input_det.vhd:17]
INFO: [Synth 8-256] done synthesizing module 'input_det' (5#1) [C:/SEP y Anal/Proyecto_01_SEP/memorice_proy01/memorice_proy01/memorice_proy01.srcs/sources_1/new/input_det.vhd:17]
INFO: [Synth 8-3491] module 'seq_cmp' declared at 'C:/SEP y Anal/Proyecto_01_SEP/memorice_proy01/memorice_proy01/memorice_proy01.srcs/sources_1/new/seq_cmp.vhd:6' bound to instance 'U_CMP' of component 'seq_cmp' [C:/SEP y Anal/Proyecto_01_SEP/memorice_proy01/memorice_proy01/memorice_proy01.srcs/sources_1/new/game_logic.vhd:141]
INFO: [Synth 8-638] synthesizing module 'seq_cmp' [C:/SEP y Anal/Proyecto_01_SEP/memorice_proy01/memorice_proy01/memorice_proy01.srcs/sources_1/new/seq_cmp.vhd:23]
INFO: [Synth 8-256] done synthesizing module 'seq_cmp' (6#1) [C:/SEP y Anal/Proyecto_01_SEP/memorice_proy01/memorice_proy01/memorice_proy01.srcs/sources_1/new/seq_cmp.vhd:23]
	Parameter ADDR_WIDTH bound to: 5 - type: integer 
INFO: [Synth 8-3491] module 'seq_dis' declared at 'C:/SEP y Anal/Proyecto_01_SEP/memorice_proy01/memorice_proy01/memorice_proy01.srcs/sources_1/new/seq_dis.vhd:5' bound to instance 'U_DIS' of component 'seq_dis' [C:/SEP y Anal/Proyecto_01_SEP/memorice_proy01/memorice_proy01/memorice_proy01.srcs/sources_1/new/game_logic.vhd:147]
INFO: [Synth 8-638] synthesizing module 'seq_dis' [C:/SEP y Anal/Proyecto_01_SEP/memorice_proy01/memorice_proy01/memorice_proy01.srcs/sources_1/new/seq_dis.vhd:22]
	Parameter ADDR_WIDTH bound to: 5 - type: integer 
INFO: [Synth 8-256] done synthesizing module 'seq_dis' (7#1) [C:/SEP y Anal/Proyecto_01_SEP/memorice_proy01/memorice_proy01/memorice_proy01.srcs/sources_1/new/seq_dis.vhd:22]
INFO: [Synth 8-3491] module 'timer' declared at 'C:/SEP y Anal/Proyecto_01_SEP/memorice_proy01/memorice_proy01/memorice_proy01.srcs/sources_1/new/timer.vhd:5' bound to instance 'U_TIMER' of component 'timer' [C:/SEP y Anal/Proyecto_01_SEP/memorice_proy01/memorice_proy01/memorice_proy01.srcs/sources_1/new/game_logic.vhd:153]
INFO: [Synth 8-638] synthesizing module 'timer' [C:/SEP y Anal/Proyecto_01_SEP/memorice_proy01/memorice_proy01/memorice_proy01.srcs/sources_1/new/timer.vhd:18]
INFO: [Synth 8-256] done synthesizing module 'timer' (8#1) [C:/SEP y Anal/Proyecto_01_SEP/memorice_proy01/memorice_proy01/memorice_proy01.srcs/sources_1/new/timer.vhd:18]
INFO: [Synth 8-256] done synthesizing module 'game_logic' (9#1) [C:/SEP y Anal/Proyecto_01_SEP/memorice_proy01/memorice_proy01/memorice_proy01.srcs/sources_1/new/game_logic.vhd:26]
	Parameter DATA_WIDTH bound to: 4 - type: integer 
	Parameter ADDR_WIDTH bound to: 5 - type: integer 
INFO: [Synth 8-3491] module 'seq_mem' declared at 'C:/SEP y Anal/Proyecto_01_SEP/memorice_proy01/memorice_proy01/memorice_proy01.srcs/sources_1/new/seq_mem.vhd:5' bound to instance 'U_SEQ_MEM' of component 'seq_mem' [C:/SEP y Anal/Proyecto_01_SEP/memorice_proy01/memorice_proy01/memorice_proy01.srcs/sources_1/new/top.vhd:94]
INFO: [Synth 8-638] synthesizing module 'seq_mem' [C:/SEP y Anal/Proyecto_01_SEP/memorice_proy01/memorice_proy01/memorice_proy01.srcs/sources_1/new/seq_mem.vhd:21]
	Parameter DATA_WIDTH bound to: 4 - type: integer 
	Parameter ADDR_WIDTH bound to: 5 - type: integer 
INFO: [Synth 8-256] done synthesizing module 'seq_mem' (10#1) [C:/SEP y Anal/Proyecto_01_SEP/memorice_proy01/memorice_proy01/memorice_proy01.srcs/sources_1/new/seq_mem.vhd:21]
INFO: [Synth 8-256] done synthesizing module 'system_top' (11#1) [C:/SEP y Anal/Proyecto_01_SEP/memorice_proy01/memorice_proy01/memorice_proy01.srcs/sources_1/new/top.vhd:16]
---------------------------------------------------------------------------------
Finished RTL Elaboration : Time (s): cpu = 00:00:07 ; elapsed = 00:00:07 . Memory (MB): peak = 1099.125 ; gain = 25.715
---------------------------------------------------------------------------------
---------------------------------------------------------------------------------
Start Handling Custom Attributes
---------------------------------------------------------------------------------
---------------------------------------------------------------------------------
Finished Handling Custom Attributes : Time (s): cpu = 00:00:08 ; elapsed = 00:00:08 . Memory (MB): peak = 1099.125 ; gain = 25.715
---------------------------------------------------------------------------------
---------------------------------------------------------------------------------
Finished RTL Optimization Phase 1 : Time (s): cpu = 00:00:08 ; elapsed = 00:00:08 . Memory (MB): peak = 1099.125 ; gain = 25.715
---------------------------------------------------------------------------------
Netlist sorting complete. Time (s): cpu = 00:00:00 ; elapsed = 00:00:00.009 . Memory (MB): peak = 1099.125 ; gain = 0.000
INFO: [Project 1-570] Preparing netlist for logic optimization

Processing XDC Constraints
Initializing timing engine
Parsing XDC File [C:/SEP y Anal/Proyecto_01_SEP/memorice_proy01/memorice_proy01/memorice_proy01.srcs/constrs_1/new/Zybo-Z7-Master.xdc]
Finished Parsing XDC File [C:/SEP y Anal/Proyecto_01_SEP/memorice_proy01/memorice_proy01/memorice_proy01.srcs/constrs_1/new/Zybo-Z7-Master.xdc]
INFO: [Project 1-236] Implementation specific constraints were found while reading constraint file [C:/SEP y Anal/Proyecto_01_SEP/memorice_proy01/memorice_proy01/memorice_proy01.srcs/constrs_1/new/Zybo-Z7-Master.xdc]. These constraints will be ignored for synthesis but will be used in implementation. Impacted constraints are listed in the file [.Xil/system_top_propImpl.xdc].
Resolution: To avoid this warning, move constraints listed in [.Xil/system_top_propImpl.xdc] to another XDC file and exclude this new file from synthesis with the used_in_synthesis property (File Properties dialog in GUI) and re-run elaboration/synthesis.
Completed Processing XDC Constraints

Netlist sorting complete. Time (s): cpu = 00:00:00 ; elapsed = 00:00:00.001 . Memory (MB): peak = 1216.238 ; gain = 0.000
INFO: [Project 1-111] Unisim Transformation Summary:
No Unisim elements were transformed.

Constraint Validation Runtime : Time (s): cpu = 00:00:00 ; elapsed = 00:00:00.012 . Memory (MB): peak = 1216.238 ; gain = 0.000
---------------------------------------------------------------------------------
Finished Constraint Validation : Time (s): cpu = 00:00:15 ; elapsed = 00:00:15 . Memory (MB): peak = 1216.238 ; gain = 142.828
---------------------------------------------------------------------------------
---------------------------------------------------------------------------------
Start Loading Part and Timing Information
---------------------------------------------------------------------------------
Loading part: xc7z010clg400-1
---------------------------------------------------------------------------------
Finished Loading Part and Timing Information : Time (s): cpu = 00:00:15 ; elapsed = 00:00:15 . Memory (MB): peak = 1216.238 ; gain = 142.828
---------------------------------------------------------------------------------
---------------------------------------------------------------------------------
Start Applying 'set_property' XDC Constraints
---------------------------------------------------------------------------------
---------------------------------------------------------------------------------
Finished applying 'set_property' XDC Constraints : Time (s): cpu = 00:00:15 ; elapsed = 00:00:15 . Memory (MB): peak = 1216.238 ; gain = 142.828
---------------------------------------------------------------------------------
INFO: [Synth 8-802] inferred FSM for state register 'state_reg' in module 'game_fsm'
---------------------------------------------------------------------------------------------------
                   State |                     New Encoding |                Previous Encoding 
---------------------------------------------------------------------------------------------------
                    idle |                          0000001 |                              000
                     gen |                          0000010 |                              001
                    show |                          0000100 |                              010
                   input |                          0001000 |                              011
                  s_lose |                          0010000 |                              101
                   s_win |                          0100000 |                              110
                level_ok |                          1000000 |                              100
---------------------------------------------------------------------------------------------------
INFO: [Synth 8-3354] encoded FSM with state register 'state_reg' using encoding 'one-hot' in module 'game_fsm'
---------------------------------------------------------------------------------
Finished RTL Optimization Phase 2 : Time (s): cpu = 00:00:15 ; elapsed = 00:00:16 . Memory (MB): peak = 1216.238 ; gain = 142.828
---------------------------------------------------------------------------------
---------------------------------------------------------------------------------
Start RTL Component Statistics 
---------------------------------------------------------------------------------
Detailed RTL Component Info : 
+---Adders : 
	   2 Input   20 Bit       Adders := 1     
	   2 Input    8 Bit       Adders := 1     
	   2 Input    6 Bit       Adders := 1     
	   2 Input    5 Bit       Adders := 5     
	   2 Input    2 Bit       Adders := 1     
+---XORs : 
	   4 Input      1 Bit         XORs := 8     
+---Registers : 
	               20 Bit    Registers := 1     
	                8 Bit    Registers := 2     
	                5 Bit    Registers := 4     
	                4 Bit    Registers := 40    
	                2 Bit    Registers := 1     
	                1 Bit    Registers := 10    
+---Muxes : 
	   4 Input   28 Bit        Muxes := 1     
	   2 Input   20 Bit        Muxes := 1     
	   2 Input    8 Bit        Muxes := 1     
	   7 Input    7 Bit        Muxes := 1     
	   2 Input    7 Bit        Muxes := 2     
	   2 Input    5 Bit        Muxes := 1     
	   4 Input    4 Bit        Muxes := 1     
	   2 Input    4 Bit        Muxes := 3     
	   6 Input    4 Bit        Muxes := 1     
	   7 Input    3 Bit        Muxes := 1     
	   2 Input    1 Bit        Muxes := 46    
	   7 Input    1 Bit        Muxes := 2     
	   5 Input    1 Bit        Muxes := 1     
---------------------------------------------------------------------------------
Finished RTL Component Statistics 
---------------------------------------------------------------------------------
---------------------------------------------------------------------------------
Start Part Resource Summary
---------------------------------------------------------------------------------
Part Resources:
DSPs: 80 (col length:40)
BRAMs: 120 (col length: RAMB18 40 RAMB36 20)
---------------------------------------------------------------------------------
Finished Part Resource Summary
---------------------------------------------------------------------------------
---------------------------------------------------------------------------------
Start Cross Boundary and Area Optimization
---------------------------------------------------------------------------------
---------------------------------------------------------------------------------
Finished Cross Boundary and Area Optimization : Time (s): cpu = 00:00:18 ; elapsed = 00:00:19 . Memory (MB): peak = 1216.238 ; gain = 142.828
---------------------------------------------------------------------------------
---------------------------------------------------------------------------------
Start Applying XDC Timing Constraints
---------------------------------------------------------------------------------
---------------------------------------------------------------------------------
Finished Applying XDC Timing Constraints : Time (s): cpu = 00:00:25 ; elapsed = 00:00:26 . Memory (MB): peak = 1216.238 ; gain = 142.828
---------------------------------------------------------------------------------
---------------------------------------------------------------------------------
Start Timing Optimization
---------------------------------------------------------------------------------
---------------------------------------------------------------------------------
Finished Timing Optimization : Time (s): cpu = 00:00:26 ; elapsed = 00:00:27 . Memory (MB): peak = 1227.594 ; gain = 154.184
---------------------------------------------------------------------------------
---------------------------------------------------------------------------------
Start Technology Mapping
---------------------------------------------------------------------------------
---------------------------------------------------------------------------------
Finished Technology Mapping : Time (s): cpu = 00:00:26 ; elapsed = 00:00:27 . Memory (MB): peak = 1229.996 ; gain = 156.586
---------------------------------------------------------------------------------
---------------------------------------------------------------------------------
Start IO Insertion
---------------------------------------------------------------------------------
---------------------------------------------------------------------------------
Start Flattening Before IO Insertion
---------------------------------------------------------------------------------
---------------------------------------------------------------------------------
Finished Flattening Before IO Insertion
---------------------------------------------------------------------------------
---------------------------------------------------------------------------------
Start Final Netlist Cleanup
---------------------------------------------------------------------------------
---------------------------------------------------------------------------------
Finished Final Netlist Cleanup
---------------------------------------------------------------------------------
---------------------------------------------------------------------------------
Finished IO Insertion : Time (s): cpu = 00:00:31 ; elapsed = 00:00:31 . Memory (MB): peak = 1234.773 ; gain = 161.363
---------------------------------------------------------------------------------
---------------------------------------------------------------------------------
Start Renaming Generated Instances
---------------------------------------------------------------------------------
---------------------------------------------------------------------------------
Finished Renaming Generated Instances : Time (s): cpu = 00:00:31 ; elapsed = 00:00:31 . Memory (MB): peak = 1234.773 ; gain = 161.363
---------------------------------------------------------------------------------
---------------------------------------------------------------------------------
Start Rebuilding User Hierarchy
---------------------------------------------------------------------------------
---------------------------------------------------------------------------------
Finished Rebuilding User Hierarchy : Time (s): cpu = 00:00:31 ; elapsed = 00:00:31 . Memory (MB): peak = 1234.773 ; gain = 161.363
---------------------------------------------------------------------------------
---------------------------------------------------------------------------------
Start Renaming Generated Ports
---------------------------------------------------------------------------------
---------------------------------------------------------------------------------
Finished Renaming Generated Ports : Time (s): cpu = 00:00:31 ; elapsed = 00:00:31 . Memory (MB): peak = 1234.773 ; gain = 161.363
---------------------------------------------------------------------------------
---------------------------------------------------------------------------------
Start Handling Custom Attributes
---------------------------------------------------------------------------------
---------------------------------------------------------------------------------
Finished Handling Custom Attributes : Time (s): cpu = 00:00:31 ; elapsed = 00:00:31 . Memory (MB): peak = 1234.773 ; gain = 161.363
---------------------------------------------------------------------------------
---------------------------------------------------------------------------------
Start Renaming Generated Nets
---------------------------------------------------------------------------------
---------------------------------------------------------------------------------
Finished Renaming Generated Nets : Time (s): cpu = 00:00:31 ; elapsed = 00:00:31 . Memory (MB): peak = 1234.773 ; gain = 161.363
---------------------------------------------------------------------------------
---------------------------------------------------------------------------------
Start Writing Synthesis Report
---------------------------------------------------------------------------------

Report BlackBoxes: 
+-+--------------+----------+
| |BlackBox name |Instances |
+-+--------------+----------+
+-+--------------+----------+

Report Cell Usage: 
+------+-------+------+
|      |Cell   |Count |
+------+-------+------+
|1     |BUFG   |     1|
|2     |CARRY4 |    21|
|3     |LUT1   |    10|
|4     |LUT2   |    58|
|5     |LUT3   |    27|
|6     |LUT4   |    85|
|7     |LUT5   |    84|
|8     |LUT6   |    34|
|9     |MUXF7  |     8|
|10    |MUXF8  |     4|
|11    |FDRE   |   257|
|12    |FDSE   |     7|
|13    |IBUF   |     7|
|14    |OBUF   |     7|
+------+-------+------+
---------------------------------------------------------------------------------
Finished Writing Synthesis Report : Time (s): cpu = 00:00:31 ; elapsed = 00:00:31 . Memory (MB): peak = 1234.773 ; gain = 161.363
---------------------------------------------------------------------------------
Synthesis finished with 0 errors, 0 critical warnings and 0 warnings.
Synthesis Optimization Runtime : Time (s): cpu = 00:00:21 ; elapsed = 00:00:29 . Memory (MB): peak = 1234.773 ; gain = 44.250
Synthesis Optimization Complete : Time (s): cpu = 00:00:31 ; elapsed = 00:00:32 . Memory (MB): peak = 1234.773 ; gain = 161.363
INFO: [Project 1-571] Translating synthesized netlist
Netlist sorting complete. Time (s): cpu = 00:00:00 ; elapsed = 00:00:00.017 . Memory (MB): peak = 1245.516 ; gain = 0.000
INFO: [Netlist 29-17] Analyzing 33 Unisim elements for replacement
INFO: [Netlist 29-28] Unisim Transformation completed in 0 CPU seconds
INFO: [Project 1-570] Preparing netlist for logic optimization
INFO: [Opt 31-138] Pushed 0 inverter(s) to 0 load pin(s).
Netlist sorting complete. Time (s): cpu = 00:00:00 ; elapsed = 00:00:00 . Memory (MB): peak = 1245.516 ; gain = 0.000
INFO: [Project 1-111] Unisim Transformation Summary:
No Unisim elements were transformed.

INFO: [Common 17-83] Releasing license: Synthesis
55 Infos, 1 Warnings, 0 Critical Warnings and 0 Errors encountered.
synth_design completed successfully
synth_design: Time (s): cpu = 00:00:37 ; elapsed = 00:00:40 . Memory (MB): peak = 1245.516 ; gain = 172.105
INFO: [Common 17-1381] The checkpoint 'C:/SEP y Anal/Proyecto_01_SEP/memorice_proy01/memorice_proy01/memorice_proy01.runs/synth_1/system_top.dcp' has been generated.
INFO: [runtcl-4] Executing : report_utilization -file system_top_utilization_synth.rpt -pb system_top_utilization_synth.pb
INFO: [Common 17-206] Exiting Vivado at Fri Oct  9 18:51:18 2026...
