Copyright 1986-2020 Xilinx, Inc. All Rights Reserved.
---------------------------------------------------------------------------------------
| Tool Version : Vivado v.2020.1 (win64) Build 2902540 Wed May 27 19:54:49 MDT 2020
| Date         : Fri Oct  9 19:55:57 2026
| Host         : DESKTOP-SHNI0N6 running 64-bit major release  (build 9200)
| Command      : report_control_sets -verbose -file system_top_control_sets_placed.rpt
| Design       : system_top
| Device       : xc7z010
---------------------------------------------------------------------------------------

Control Set Information

Table of Contents
-----------------
1. Summary
2. Histogram
3. Flip-Flop Distribution
4. Detailed Control Set Information

1. Summary
----------

+----------------------------------------------------------+-------+
|                          Status                          | Count |
+----------------------------------------------------------+-------+
| Total control sets                                       |    44 |
|    Minimum number of control sets                        |    44 |
|    Addition due to synthesis replication                 |     0 |
|    Addition due to physical synthesis replication        |     0 |
| Unused register locations in slices containing registers |   164 |
+----------------------------------------------------------+-------+
* Control sets can be merged at opt_design using control_set_merge or merge_equivalent_drivers
** Run report_qor_suggestions for automated merging and remapping suggestions


2. Histogram
------------

+--------------------+-------+
|       Fanout       | Count |
+--------------------+-------+
| Total control sets |    44 |
| >= 0 to < 4        |     0 |
| >= 4 to < 6        |    38 |
| >= 6 to < 8        |     0 |
| >= 8 to < 10       |     2 |
| >= 10 to < 12      |     0 |
| >= 12 to < 14      |     0 |
| >= 14 to < 16      |     0 |
| >= 16              |     4 |
+--------------------+-------+
* Control sets can be remapped at either synth_design or opt_design


3. Flip-Flop Distribution
-------------------------

+--------------+-----------------------+------------------------+-----------------+--------------+
| Clock Enable | Synchronous Set/Reset | Asynchronous Set/Reset | Total Registers | Total Slices |
+--------------+-----------------------+------------------------+-----------------+--------------+
| No           | No                    | No                     |              17 |            7 |
| No           | No                    | Yes                    |               0 |            0 |
| No           | Yes                   | No                     |              72 |           20 |
| Yes          | No                    | No                     |               0 |            0 |
| Yes          | No                    | Yes                    |               0 |            0 |
| Yes          | Yes                   | No                     |             171 |           52 |
+--------------+-----------------------+------------------------+-----------------+--------------+


4. Detailed Control Set Information
-----------------------------------

+-------------------+-----------------------------------------------------+-----------------------------------------------------+------------------+----------------+--------------+
|    Clock Signal   |                    Enable Signal                    |                   Set/Reset Signal                  | Slice Load Count | Bel Load Count | Bels / Slice |
+-------------------+-----------------------------------------------------+-----------------------------------------------------+------------------+----------------+--------------+
|  sysclk_IBUF_BUFG | U_GAME_CORE/U_GCLK_SEL/sig_tick                     | U_GAME_LOGIC/U_FSM/SR[0]                            |                2 |              4 |         2.00 |
|  sysclk_IBUF_BUFG | U_GAME_LOGIC/U_FSM/gen_ptr_reg[2][0]                | rst_IBUF                                            |                1 |              4 |         4.00 |
|  sysclk_IBUF_BUFG | U_GAME_LOGIC/U_FSM/gen_ptr_reg[2]_10[0]             | rst_IBUF                                            |                2 |              4 |         2.00 |
|  sysclk_IBUF_BUFG | U_GAME_LOGIC/U_FSM/gen_ptr_reg[4]_3[0]              | rst_IBUF                                            |                1 |              4 |         4.00 |
|  sysclk_IBUF_BUFG | U_GAME_LOGIC/U_FSM/gen_ptr_reg[3][0]                | rst_IBUF                                            |                1 |              4 |         4.00 |
|  sysclk_IBUF_BUFG | U_GAME_LOGIC/U_FSM/gen_ptr_reg[3]_2[0]              | rst_IBUF                                            |                2 |              4 |         2.00 |
|  sysclk_IBUF_BUFG | U_GAME_LOGIC/U_FSM/gen_ptr_reg[1]_0[0]              | rst_IBUF                                            |                1 |              4 |         4.00 |
|  sysclk_IBUF_BUFG | U_GAME_LOGIC/U_FSM/gen_ptr_reg[0][0]                | rst_IBUF                                            |                1 |              4 |         4.00 |
|  sysclk_IBUF_BUFG | U_GAME_LOGIC/U_FSM/gen_ptr_reg[1]_1[0]              | rst_IBUF                                            |                1 |              4 |         4.00 |
|  sysclk_IBUF_BUFG | U_GAME_LOGIC/U_FSM/gen_ptr_reg[1]_2[0]              | rst_IBUF                                            |                1 |              4 |         4.00 |
|  sysclk_IBUF_BUFG | U_GAME_LOGIC/U_INPUT/btn_debounced[3]_i_1_n_0       | rst_IBUF                                            |                1 |              4 |         4.00 |
|  sysclk_IBUF_BUFG | U_GAME_LOGIC/U_INPUT/btn_out[3]_i_1_n_0             | rst_IBUF                                            |                1 |              4 |         4.00 |
|  sysclk_IBUF_BUFG | U_GAME_LOGIC/U_FSM/gen_ptr_reg[0]_0[0]              | rst_IBUF                                            |                1 |              4 |         4.00 |
|  sysclk_IBUF_BUFG | U_GAME_LOGIC/U_FSM/gen_ptr_reg[0]_1[0]              | rst_IBUF                                            |                1 |              4 |         4.00 |
|  sysclk_IBUF_BUFG | U_GAME_LOGIC/U_FSM/gen_ptr_reg[1][0]                | rst_IBUF                                            |                2 |              4 |         2.00 |
|  sysclk_IBUF_BUFG | U_GAME_LOGIC/U_FSM/gen_ptr_reg[2]_8[0]              | rst_IBUF                                            |                1 |              4 |         4.00 |
|  sysclk_IBUF_BUFG | U_GAME_LOGIC/U_FSM/gen_ptr_reg[2]_7[0]              | rst_IBUF                                            |                1 |              4 |         4.00 |
|  sysclk_IBUF_BUFG | U_GAME_LOGIC/U_FSM/gen_ptr_reg[4][0]                | rst_IBUF                                            |                2 |              4 |         2.00 |
|  sysclk_IBUF_BUFG | U_GAME_LOGIC/U_FSM/gen_ptr_reg[2]_3[0]              | rst_IBUF                                            |                1 |              4 |         4.00 |
|  sysclk_IBUF_BUFG | U_GAME_LOGIC/U_FSM/gen_ptr_reg[3]_0[0]              | rst_IBUF                                            |                1 |              4 |         4.00 |
|  sysclk_IBUF_BUFG | U_GAME_LOGIC/U_FSM/gen_ptr_reg[4]_5[0]              | rst_IBUF                                            |                1 |              4 |         4.00 |
|  sysclk_IBUF_BUFG | U_GAME_LOGIC/U_FSM/gen_ptr_reg[2]_1[0]              | rst_IBUF                                            |                1 |              4 |         4.00 |
|  sysclk_IBUF_BUFG | U_GAME_LOGIC/U_FSM/gen_ptr_reg[2]_6[0]              | rst_IBUF                                            |                2 |              4 |         2.00 |
|  sysclk_IBUF_BUFG | U_GAME_LOGIC/U_FSM/gen_ptr_reg[1]_4[0]              | rst_IBUF                                            |                1 |              4 |         4.00 |
|  sysclk_IBUF_BUFG | U_GAME_LOGIC/U_FSM/gen_ptr_reg[3]_1[0]              | rst_IBUF                                            |                1 |              4 |         4.00 |
|  sysclk_IBUF_BUFG | U_GAME_LOGIC/U_FSM/gen_ptr_reg[2]_0[0]              | rst_IBUF                                            |                1 |              4 |         4.00 |
|  sysclk_IBUF_BUFG | U_GAME_LOGIC/U_FSM/gen_ptr_reg[1]_3[0]              | rst_IBUF                                            |                1 |              4 |         4.00 |
|  sysclk_IBUF_BUFG | U_GAME_LOGIC/U_FSM/gen_ptr_reg[4]_0[0]              | rst_IBUF                                            |                1 |              4 |         4.00 |
|  sysclk_IBUF_BUFG | U_GAME_LOGIC/U_FSM/gen_ptr_reg[2]_9[0]              | rst_IBUF                                            |                1 |              4 |         4.00 |
|  sysclk_IBUF_BUFG | U_GAME_LOGIC/U_FSM/gen_ptr_reg[4]_4[0]              | rst_IBUF                                            |                1 |              4 |         4.00 |
|  sysclk_IBUF_BUFG | U_GAME_LOGIC/U_FSM/gen_ptr_reg[2]_2[0]              | rst_IBUF                                            |                1 |              4 |         4.00 |
|  sysclk_IBUF_BUFG | U_GAME_LOGIC/U_FSM/gen_ptr_reg[4]_1[0]              | rst_IBUF                                            |                3 |              4 |         1.33 |
|  sysclk_IBUF_BUFG | U_GAME_LOGIC/U_FSM/gen_ptr_reg[2]_4[0]              | rst_IBUF                                            |                1 |              4 |         4.00 |
|  sysclk_IBUF_BUFG | U_GAME_LOGIC/U_FSM/gen_ptr_reg[2]_5[0]              | rst_IBUF                                            |                1 |              4 |         4.00 |
|  sysclk_IBUF_BUFG | U_GAME_LOGIC/U_FSM/gen_ptr_reg[4]_2[0]              | rst_IBUF                                            |                1 |              4 |         4.00 |
|  sysclk_IBUF_BUFG | U_GAME_LOGIC/U_FSM/E[0]                             | U_GAME_LOGIC/U_FSM/FSM_sequential_state_reg[1]_2[0] |                1 |              5 |         5.00 |
|  sysclk_IBUF_BUFG | U_GAME_LOGIC/U_CMP/ptr_reg                          | U_GAME_LOGIC/U_FSM/FSM_sequential_state_reg[1]_1[0] |                1 |              5 |         5.00 |
|  sysclk_IBUF_BUFG | U_GAME_LOGIC/U_DIS/ptr                              | U_GAME_LOGIC/U_FSM/SR[0]                            |                2 |              5 |         2.50 |
|  sysclk_IBUF_BUFG | U_GAME_LOGIC/U_TIMER/count                          | U_GAME_LOGIC/U_FSM/FSM_sequential_state_reg[1]_1[0] |                2 |              8 |         4.00 |
|  sysclk_IBUF_BUFG | U_GAME_LOGIC/U_FSM/FSM_sequential_state_reg[2]_0[0] | rst_IBUF                                            |                3 |              8 |         2.67 |
|  sysclk_IBUF_BUFG |                                                     |                                                     |                7 |             17 |         2.43 |
|  sysclk_IBUF_BUFG |                                                     | U_GAME_LOGIC/U_INPUT/count[19]_i_1_n_0              |                5 |             20 |         4.00 |
|  sysclk_IBUF_BUFG |                                                     | rst_IBUF                                            |                7 |             21 |         3.00 |
|  sysclk_IBUF_BUFG |                                                     | U_GAME_CORE/U_GCLK_SEL/counter0_carry__2_n_0        |                8 |             31 |         3.88 |
+-------------------+-----------------------------------------------------+-----------------------------------------------------+------------------+----------------+--------------+


