Copyright 1986-2020 Xilinx, Inc. All Rights Reserved.
---------------------------------------------------------------------------------------
| Tool Version : Vivado v.2020.1 (win64) Build 2902540 Wed May 27 19:54:49 MDT 2020
| Date         : Fri Oct  9 17:37:10 2026
| Host         : DESKTOP-SHNI0N6 running 64-bit major release  (build 9200)
| Command      : report_control_sets -verbose -file system_top_control_sets_placed.rpt
| Design       : system_top
| Device       : xc7z010
---------------------------------------------------------------------------------------

Control Set Information

Table of Contents
-----------------
1. Summary
2. Histogram
3. Flip-Flop Distribution
4. Detailed Control Set Information

1. Summary
----------

+----------------------------------------------------------+-------+
|                          Status                          | Count |
+----------------------------------------------------------+-------+
| Total control sets                                       |    13 |
|    Minimum number of control sets                        |    13 |
|    Addition due to synthesis replication                 |     0 |
|    Addition due to physical synthesis replication        |     0 |
| Unused register locations in slices containing registers |    34 |
+----------------------------------------------------------+-------+
* Control sets can be merged at opt_design using control_set_merge or merge_equivalent_drivers
** Run report_qor_suggestions for automated merging and remapping suggestions


2. Histogram
------------

+--------------------+-------+
|       Fanout       | Count |
+--------------------+-------+
| Total control sets |    13 |
| >= 0 to < 4        |     0 |
| >= 4 to < 6        |     6 |
| >= 6 to < 8        |     1 |
| >= 8 to < 10       |     2 |
| >= 10 to < 12      |     0 |
| >= 12 to < 14      |     2 |
| >= 14 to < 16      |     0 |
| >= 16              |     2 |
+--------------------+-------+
* Control sets can be remapped at either synth_design or opt_design


3. Flip-Flop Distribution
-------------------------

+--------------+-----------------------+------------------------+-----------------+--------------+
| Clock Enable | Synchronous Set/Reset | Asynchronous Set/Reset | Total Registers | Total Slices |
+--------------+-----------------------+------------------------+-----------------+--------------+
| No           | No                    | No                     |               8 |            3 |
| No           | No                    | Yes                    |               0 |            0 |
| No           | Yes                   | No                     |              68 |           21 |
| Yes          | No                    | No                     |               0 |            0 |
| Yes          | No                    | Yes                    |               0 |            0 |
| Yes          | Yes                   | No                     |              50 |           15 |
+--------------+-----------------------+------------------------+-----------------+--------------+


4. Detailed Control Set Information
-----------------------------------

+-------------------+------------------------------------------------+-------------------------------------------------+------------------+----------------+--------------+
|    Clock Signal   |                  Enable Signal                 |                 Set/Reset Signal                | Slice Load Count | Bel Load Count | Bels / Slice |
+-------------------+------------------------------------------------+-------------------------------------------------+------------------+----------------+--------------+
|  sysclk_IBUF_BUFG |                                                | U_GAME_LOGIC/U_DIS/ptr_reg[0]_0                 |                1 |              4 |         4.00 |
|  sysclk_IBUF_BUFG | U_GAME_LOGIC/U_INPUT/btn_out[3]_i_1_n_0        | rst_IBUF                                        |                1 |              4 |         4.00 |
|  sysclk_IBUF_BUFG | U_GAME_LOGIC/U_INPUT/btn_debounced[3]_i_1_n_0  | rst_IBUF                                        |                1 |              4 |         4.00 |
|  sysclk_IBUF_BUFG | U_GAME_LOGIC/U_FSM/E[0]                        | U_GAME_LOGIC/U_FSM/FSM_onehot_state_reg[2]_0[0] |                2 |              5 |         2.50 |
|  sysclk_IBUF_BUFG | U_GAME_LOGIC/U_FSM/lvl_reg                     | U_GAME_LOGIC/U_FSM/lvl_reg[1]_i_1_n_0           |                1 |              5 |         5.00 |
|  sysclk_IBUF_BUFG | U_GAME_LOGIC/U_CMP/ptr_reg                     | U_GAME_LOGIC/U_FSM/SR[0]                        |                2 |              5 |         2.50 |
|  sysclk_IBUF_BUFG | U_GAME_LOGIC/U_FSM/FSM_onehot_state[6]_i_1_n_0 | rst_IBUF                                        |                3 |              7 |         2.33 |
|  sysclk_IBUF_BUFG |                                                |                                                 |                3 |              8 |         2.67 |
|  sysclk_IBUF_BUFG | U_GAME_LOGIC/U_TIMER/count                     | U_GAME_LOGIC/U_FSM/SR[0]                        |                3 |              8 |         2.67 |
|  sysclk_IBUF_BUFG | U_GAME_LOGIC/U_FSM/Q[0]                        | rst_IBUF                                        |                2 |             12 |         6.00 |
|  sysclk_IBUF_BUFG |                                                | rst_IBUF                                        |                4 |             13 |         3.25 |
|  sysclk_IBUF_BUFG |                                                | U_GAME_LOGIC/U_INPUT/count[19]_i_1_n_0          |                8 |             20 |         2.50 |
|  sysclk_IBUF_BUFG |                                                | U_GAME_CORE/U_GCLK_SEL/counter0_carry__2_n_0    |                8 |             31 |         3.88 |
+-------------------+------------------------------------------------+-------------------------------------------------+------------------+----------------+--------------+


