Copyright 1986-2020 Xilinx, Inc. All Rights Reserved.
-----------------------------------------------------------------------------------------------------------------------------------------------------------------------------------------------------
| Tool Version : Vivado v.2020.1 (win64) Build 2902540 Wed May 27 19:54:49 MDT 2020
| Date         : Fri Oct  9 19:56:16 2026
| Host         : DESKTOP-SHNI0N6 running 64-bit major release  (build 9200)
| Command      : report_timing_summary -max_paths 10 -file system_top_timing_summary_routed.rpt -pb system_top_timing_summary_routed.pb -rpx system_top_timing_summary_routed.rpx -warn_on_violation
| Design       : system_top
| Device       : 7z010-clg400
| Speed File   : -1  PRODUCTION 1.12 2019-11-22
-----------------------------------------------------------------------------------------------------------------------------------------------------------------------------------------------------

Timing Summary Report

------------------------------------------------------------------------------------------------
| Timer Settings
| --------------
------------------------------------------------------------------------------------------------

  Enable Multi Corner Analysis               :  Yes
  Enable Pessimism Removal                   :  Yes
  Pessimism Removal Resolution               :  Nearest Common Node
  Enable Input Delay Default Clock           :  No
  Enable Preset / Clear Arcs                 :  No
  Disable Flight Delays                      :  No
  Ignore I/O Paths                           :  No
  Timing Early Launch at Borrowing Latches   :  No
  Borrow Time for Max Delay Exceptions       :  Yes
  Merge Timing Exceptions                    :  Yes

  Corner  Analyze    Analyze    
  Name    Max Paths  Min Paths  
  ------  ---------  ---------  
  Slow    Yes        Yes        
  Fast    Yes        Yes        



check_timing report

Table of Contents
-----------------
1. checking no_clock (0)
2. checking constant_clock (0)
3. checking pulse_width_clock (0)
4. checking unconstrained_internal_endpoints (0)
5. checking no_input_delay (6)
6. checking no_output_delay (7)
7. checking multiple_clock (0)
8. checking generated_clocks (0)
9. checking loops (0)
10. checking partial_input_delay (0)
11. checking partial_output_delay (0)
12. checking latch_loops (0)

1. checking no_clock (0)
------------------------
 There are 0 register/latch pins with no clock.


2. checking constant_clock (0)
------------------------------
 There are 0 register/latch pins with constant_clock.


3. checking pulse_width_clock (0)
---------------------------------
 There are 0 register/latch pins which need pulse_width check


4. checking unconstrained_internal_endpoints (0)
------------------------------------------------
 There are 0 pins that are not constrained for maximum delay.

 There are 0 pins that are not constrained for maximum delay due to constant clock.


5. checking no_input_delay (6)
------------------------------
 There are 6 input ports with no input delay specified. (HIGH)

 There are 0 input ports with no input delay but user has a false path constraint.


6. checking no_output_delay (7)
-------------------------------
 There are 7 ports with no output delay specified. (HIGH)

 There are 0 ports with no output delay but user has a false path constraint

 There are 0 ports with no output delay but with a timing clock defined on it or propagating through it


7. checking multiple_clock (0)
------------------------------
 There are 0 register/latch pins with multiple clocks.


8. checking generated_clocks (0)
--------------------------------
 There are 0 generated clocks that are not connected to a clock source.


9. checking loops (0)
---------------------
 There are 0 combinational loops in the design.


10. checking partial_input_delay (0)
------------------------------------
 There are 0 input ports with partial input delay specified.


11. checking partial_output_delay (0)
-------------------------------------
 There are 0 ports with partial output delay specified.


12. checking latch_loops (0)
----------------------------
 There are 0 combinational latch loops in the design through latch input



------------------------------------------------------------------------------------------------
| Design Timing Summary
| ---------------------
------------------------------------------------------------------------------------------------

    WNS(ns)      TNS(ns)  TNS Failing Endpoints  TNS Total Endpoints      WHS(ns)      THS(ns)  THS Failing Endpoints  THS Total Endpoints     WPWS(ns)     TPWS(ns)  TPWS Failing Endpoints  TPWS Total Endpoints  
    -------      -------  ---------------------  -------------------      -------      -------  ---------------------  -------------------     --------     --------  ----------------------  --------------------  
      2.912        0.000                      0                  505        0.192        0.000                      0                  505        3.500        0.000                       0                   261  


All user specified timing constraints are met.


------------------------------------------------------------------------------------------------
| Clock Summary
| -------------
------------------------------------------------------------------------------------------------

Clock        Waveform(ns)         Period(ns)      Frequency(MHz)
-----        ------------         ----------      --------------
sys_clk_pin  {0.000 4.000}        8.000           125.000         


------------------------------------------------------------------------------------------------
| Intra Clock Table
| -----------------
------------------------------------------------------------------------------------------------

Clock             WNS(ns)      TNS(ns)  TNS Failing Endpoints  TNS Total Endpoints      WHS(ns)      THS(ns)  THS Failing Endpoints  THS Total Endpoints     WPWS(ns)     TPWS(ns)  TPWS Failing Endpoints  TPWS Total Endpoints  
-----             -------      -------  ---------------------  -------------------      -------      -------  ---------------------  -------------------     --------     --------  ----------------------  --------------------  
sys_clk_pin         2.912        0.000                      0                  505        0.192        0.000                      0                  505        3.500        0.000                       0                   261  


------------------------------------------------------------------------------------------------
| Inter Clock Table
| -----------------
------------------------------------------------------------------------------------------------

From Clock    To Clock          WNS(ns)      TNS(ns)  TNS Failing Endpoints  TNS Total Endpoints      WHS(ns)      THS(ns)  THS Failing Endpoints  THS Total Endpoints  
----------    --------          -------      -------  ---------------------  -------------------      -------      -------  ---------------------  -------------------  


------------------------------------------------------------------------------------------------
| Other Path Groups Table
| -----------------------
------------------------------------------------------------------------------------------------

Path Group    From Clock    To Clock          WNS(ns)      TNS(ns)  TNS Failing Endpoints  TNS Total Endpoints      WHS(ns)      THS(ns)  THS Failing Endpoints  THS Total Endpoints  
----------    ----------    --------          -------      -------  ---------------------  -------------------      -------      -------  ---------------------  -------------------  


------------------------------------------------------------------------------------------------
| Timing Details
| --------------
------------------------------------------------------------------------------------------------


---------------------------------------------------------------------------------------------------
From Clock:  sys_clk_pin
  To Clock:  sys_clk_pin

Setup :            0  Failing Endpoints,  Worst Slack        2.912ns,  Total Violation        0.000ns
Hold  :            0  Failing Endpoints,  Worst Slack        0.192ns,  Total Violation        0.000ns
PW    :            0  Failing Endpoints,  Worst Slack        3.500ns,  Total Violation        0.000ns
---------------------------------------------------------------------------------------------------


Max Delay Paths
--------------------------------------------------------------------------------------
Slack (MET) :             2.912ns  (required time - arrival time)
  Source:                 U_GAME_LOGIC/U_FSM/FSM_sequential_state_reg[0]/C
                            (rising edge-triggered cell FDRE clocked by sys_clk_pin  {rise@0.000ns fall@4.000ns period=8.000ns})
  Destination:            U_SEQ_MEM/ram_block_reg[26][1]/CE
                            (rising edge-triggered cell FDRE clocked by sys_clk_pin  {rise@0.000ns fall@4.000ns period=8.000ns})
  Path Group:             sys_clk_pin
  Path Type:              Setup (Max at Slow Process Corner)
  Requirement:            8.000ns  (sys_clk_pin rise@8.000ns - sys_clk_pin rise@0.000ns)
  Data Path Delay:        4.744ns  (logic 0.704ns (14.841%)  route 4.040ns (85.159%))
  Logic Levels:           2  (LUT4=1 LUT6=1)
  Clock Path Skew:        -0.140ns (DCD - SCD + CPR)
    Destination Clock Delay (DCD):    4.867ns = ( 12.867 - 8.000 ) 
    Source Clock Delay      (SCD):    5.398ns
    Clock Pessimism Removal (CPR):    0.391ns
  Clock Uncertainty:      0.035ns  ((TSJ^2 + TIJ^2)^1/2 + DJ) / 2 + PE
    Total System Jitter     (TSJ):    0.071ns
    Total Input Jitter      (TIJ):    0.000ns
    Discrete Jitter          (DJ):    0.000ns
    Phase Error              (PE):    0.000ns

    Location             Delay type                Incr(ns)  Path(ns)    Netlist Resource(s)
  -------------------------------------------------------------------    -------------------
                         (clock sys_clk_pin rise edge)
                                                      0.000     0.000 r  
    K17                                               0.000     0.000 r  sysclk (IN)
                         net (fo=0)                   0.000     0.000    sysclk
    K17                  IBUF (Prop_ibuf_I_O)         1.492     1.492 r  sysclk_IBUF_inst/O
                         net (fo=1, routed)           2.076     3.568    sysclk_IBUF
    BUFGCTRL_X0Y16       BUFG (Prop_bufg_I_O)         0.101     3.669 r  sysclk_IBUF_BUFG_inst/O
                         net (fo=260, routed)         1.729     5.398    U_GAME_LOGIC/U_FSM/CLK
    SLICE_X39Y67         FDRE                                         r  U_GAME_LOGIC/U_FSM/FSM_sequential_state_reg[0]/C
  -------------------------------------------------------------------    -------------------
    SLICE_X39Y67         FDRE (Prop_fdre_C_Q)         0.456     5.854 r  U_GAME_LOGIC/U_FSM/FSM_sequential_state_reg[0]/Q
                         net (fo=35, routed)          1.655     7.509    U_GAME_LOGIC/U_FSM/Q[0]
    SLICE_X37Y67         LUT4 (Prop_lut4_I2_O)        0.124     7.633 r  U_GAME_LOGIC/U_FSM/ram_block[0][3]_i_3/O
                         net (fo=32, routed)          1.823     9.456    U_GAME_LOGIC/U_FSM/sig_we
    SLICE_X32Y70         LUT6 (Prop_lut6_I0_O)        0.124     9.580 r  U_GAME_LOGIC/U_FSM/ram_block[26][3]_i_1/O
                         net (fo=4, routed)           0.562    10.141    U_SEQ_MEM/ram_block_reg[26][3]_0[0]
    SLICE_X34Y71         FDRE                                         r  U_SEQ_MEM/ram_block_reg[26][1]/CE
  -------------------------------------------------------------------    -------------------

                         (clock sys_clk_pin rise edge)
                                                      8.000     8.000 r  
    K17                                               0.000     8.000 r  sysclk (IN)
                         net (fo=0)                   0.000     8.000    sysclk
    K17                  IBUF (Prop_ibuf_I_O)         1.421     9.421 r  sysclk_IBUF_inst/O
                         net (fo=1, routed)           1.880    11.301    sysclk_IBUF
    BUFGCTRL_X0Y16       BUFG (Prop_bufg_I_O)         0.091    11.392 r  sysclk_IBUF_BUFG_inst/O
                         net (fo=260, routed)         1.475    12.867    U_SEQ_MEM/CLK
    SLICE_X34Y71         FDRE                                         r  U_SEQ_MEM/ram_block_reg[26][1]/C
                         clock pessimism              0.391    13.258    
                         clock uncertainty           -0.035    13.222    
    SLICE_X34Y71         FDRE (Setup_fdre_C_CE)      -0.169    13.053    U_SEQ_MEM/ram_block_reg[26][1]
  -------------------------------------------------------------------
                         required time                         13.053    
                         arrival time                         -10.141    
  -------------------------------------------------------------------
                         slack                                  2.912    

Slack (MET) :             2.926ns  (required time - arrival time)
  Source:                 U_GAME_LOGIC/U_FSM/FSM_sequential_state_reg[0]/C
                            (rising edge-triggered cell FDRE clocked by sys_clk_pin  {rise@0.000ns fall@4.000ns period=8.000ns})
  Destination:            U_SEQ_MEM/ram_block_reg[26][2]/CE
                            (rising edge-triggered cell FDRE clocked by sys_clk_pin  {rise@0.000ns fall@4.000ns period=8.000ns})
  Path Group:             sys_clk_pin
  Path Type:              Setup (Max at Slow Process Corner)
  Requirement:            8.000ns  (sys_clk_pin rise@8.000ns - sys_clk_pin rise@0.000ns)
  Data Path Delay:        4.694ns  (logic 0.704ns (14.997%)  route 3.990ns (85.003%))
  Logic Levels:           2  (LUT4=1 LUT6=1)
  Clock Path Skew:        -0.139ns (DCD - SCD + CPR)
    Destination Clock Delay (DCD):    4.868ns = ( 12.868 - 8.000 ) 
    Source Clock Delay      (SCD):    5.398ns
    Clock Pessimism Removal (CPR):    0.391ns
  Clock Uncertainty:      0.035ns  ((TSJ^2 + TIJ^2)^1/2 + DJ) / 2 + PE
    Total System Jitter     (TSJ):    0.071ns
    Total Input Jitter      (TIJ):    0.000ns
    Discrete Jitter          (DJ):    0.000ns
    Phase Error              (PE):    0.000ns

    Location             Delay type                Incr(ns)  Path(ns)    Netlist Resource(s)
  -------------------------------------------------------------------    -------------------
                         (clock sys_clk_pin rise edge)
                                                      0.000     0.000 r  
    K17                                               0.000     0.000 r  sysclk (IN)
                         net (fo=0)                   0.000     0.000    sysclk
    K17                  IBUF (Prop_ibuf_I_O)         1.492     1.492 r  sysclk_IBUF_inst/O
                         net (fo=1, routed)           2.076     3.568    sysclk_IBUF
    BUFGCTRL_X0Y16       BUFG (Prop_bufg_I_O)         0.101     3.669 r  sysclk_IBUF_BUFG_inst/O
                         net (fo=260, routed)         1.729     5.398    U_GAME_LOGIC/U_FSM/CLK
    SLICE_X39Y67         FDRE                                         r  U_GAME_LOGIC/U_FSM/FSM_sequential_state_reg[0]/C
  -------------------------------------------------------------------    -------------------
    SLICE_X39Y67         FDRE (Prop_fdre_C_Q)         0.456     5.854 r  U_GAME_LOGIC/U_FSM/FSM_sequential_state_reg[0]/Q
                         net (fo=35, routed)          1.655     7.509    U_GAME_LOGIC/U_FSM/Q[0]
    SLICE_X37Y67         LUT4 (Prop_lut4_I2_O)        0.124     7.633 r  U_GAME_LOGIC/U_FSM/ram_block[0][3]_i_3/O
                         net (fo=32, routed)          1.823     9.456    U_GAME_LOGIC/U_FSM/sig_we
    SLICE_X32Y70         LUT6 (Prop_lut6_I0_O)        0.124     9.580 r  U_GAME_LOGIC/U_FSM/ram_block[26][3]_i_1/O
                         net (fo=4, routed)           0.512    10.092    U_SEQ_MEM/ram_block_reg[26][3]_0[0]
    SLICE_X35Y70         FDRE                                         r  U_SEQ_MEM/ram_block_reg[26][2]/CE
  -------------------------------------------------------------------    -------------------

                         (clock sys_clk_pin rise edge)
                                                      8.000     8.000 r  
    K17                                               0.000     8.000 r  sysclk (IN)
                         net (fo=0)                   0.000     8.000    sysclk
    K17                  IBUF (Prop_ibuf_I_O)         1.421     9.421 r  sysclk_IBUF_inst/O
                         net (fo=1, routed)           1.880    11.301    sysclk_IBUF
    BUFGCTRL_X0Y16       BUFG (Prop_bufg_I_O)         0.091    11.392 r  sysclk_IBUF_BUFG_inst/O
                         net (fo=260, routed)         1.476    12.868    U_SEQ_MEM/CLK
    SLICE_X35Y70         FDRE                                         r  U_SEQ_MEM/ram_block_reg[26][2]/C
                         clock pessimism              0.391    13.259    
                         clock uncertainty           -0.035    13.223    
    SLICE_X35Y70         FDRE (Setup_fdre_C_CE)      -0.205    13.018    U_SEQ_MEM/ram_block_reg[26][2]
  -------------------------------------------------------------------
                         required time                         13.018    
                         arrival time                         -10.092    
  -------------------------------------------------------------------
                         slack                                  2.926    

Slack (MET) :             2.926ns  (required time - arrival time)
  Source:                 U_GAME_LOGIC/U_FSM/FSM_sequential_state_reg[0]/C
                            (rising edge-triggered cell FDRE clocked by sys_clk_pin  {rise@0.000ns fall@4.000ns period=8.000ns})
  Destination:            U_SEQ_MEM/ram_block_reg[26][3]/CE
                            (rising edge-triggered cell FDRE clocked by sys_clk_pin  {rise@0.000ns fall@4.000ns period=8.000ns})
  Path Group:             sys_clk_pin
  Path Type:              Setup (Max at Slow Process Corner)
  Requirement:            8.000ns  (sys_clk_pin rise@8.000ns - sys_clk_pin rise@0.000ns)
  Data Path Delay:        4.694ns  (logic 0.704ns (14.997%)  route 3.990ns (85.003%))
  Logic Levels:           2  (LUT4=1 LUT6=1)
  Clock Path Skew:        -0.139ns (DCD - SCD + CPR)
    Destination Clock Delay (DCD):    4.868ns = ( 12.868 - 8.000 ) 
    Source Clock Delay      (SCD):    5.398ns
    Clock Pessimism Removal (CPR):    0.391ns
  Clock Uncertainty:      0.035ns  ((TSJ^2 + TIJ^2)^1/2 + DJ) / 2 + PE
    Total System Jitter     (TSJ):    0.071ns
    Total Input Jitter      (TIJ):    0.000ns
    Discrete Jitter          (DJ):    0.000ns
    Phase Error              (PE):    0.000ns

    Location             Delay type                Incr(ns)  Path(ns)    Netlist Resource(s)
  -------------------------------------------------------------------    -------------------
                         (clock sys_clk_pin rise edge)
                                                      0.000     0.000 r  
    K17                                               0.000     0.000 r  sysclk (IN)
                         net (fo=0)                   0.000     0.000    sysclk
    K17                  IBUF (Prop_ibuf_I_O)         1.492     1.492 r  sysclk_IBUF_inst/O
                         net (fo=1, routed)           2.076     3.568    sysclk_IBUF
    BUFGCTRL_X0Y16       BUFG (Prop_bufg_I_O)         0.101     3.669 r  sysclk_IBUF_BUFG_inst/O
                         net (fo=260, routed)         1.729     5.398    U_GAME_LOGIC/U_FSM/CLK
    SLICE_X39Y67         FDRE                                         r  U_GAME_LOGIC/U_FSM/FSM_sequential_state_reg[0]/C
  -------------------------------------------------------------------    -------------------
    SLICE_X39Y67         FDRE (Prop_fdre_C_Q)         0.456     5.854 r  U_GAME_LOGIC/U_FSM/FSM_sequential_state_reg[0]/Q
                         net (fo=35, routed)          1.655     7.509    U_GAME_LOGIC/U_FSM/Q[0]
    SLICE_X37Y67         LUT4 (Prop_lut4_I2_O)        0.124     7.633 r  U_GAME_LOGIC/U_FSM/ram_block[0][3]_i_3/O
                         net (fo=32, routed)          1.823     9.456    U_GAME_LOGIC/U_FSM/sig_we
    SLICE_X32Y70         LUT6 (Prop_lut6_I0_O)        0.124     9.580 r  U_GAME_LOGIC/U_FSM/ram_block[26][3]_i_1/O
                         net (fo=4, routed)           0.512    10.092    U_SEQ_MEM/ram_block_reg[26][3]_0[0]
    SLICE_X35Y70         FDRE                                         r  U_SEQ_MEM/ram_block_reg[26][3]/CE
  -------------------------------------------------------------------    -------------------

                         (clock sys_clk_pin rise edge)
                                                      8.000     8.000 r  
    K17                                               0.000     8.000 r  sysclk (IN)
                         net (fo=0)                   0.000     8.000    sysclk
    K17                  IBUF (Prop_ibuf_I_O)         1.421     9.421 r  sysclk_IBUF_inst/O
                         net (fo=1, routed)           1.880    11.301    sysclk_IBUF
    BUFGCTRL_X0Y16       BUFG (Prop_bufg_I_O)         0.091    11.392 r  sysclk_IBUF_BUFG_inst/O
                         net (fo=260, routed)         1.476    12.868    U_SEQ_MEM/CLK
    SLICE_X35Y70         FDRE                                         r  U_SEQ_MEM/ram_block_reg[26][3]/C
                         clock pessimism              0.391    13.259    
                         clock uncertainty           -0.035    13.223    
    SLICE_X35Y70         FDRE (Setup_fdre_C_CE)      -0.205    13.018    U_SEQ_MEM/ram_block_reg[26][3]
  -------------------------------------------------------------------
                         required time                         13.018    
                         arrival time                         -10.092    
  -------------------------------------------------------------------
                         slack                                  2.926    

Slack (MET) :             3.074ns  (required time - arrival time)
  Source:                 U_GAME_LOGIC/U_FSM/FSM_sequential_state_reg[0]/C
                            (rising edge-triggered cell FDRE clocked by sys_clk_pin  {rise@0.000ns fall@4.000ns period=8.000ns})
  Destination:            U_SEQ_MEM/ram_block_reg[24][0]/CE
                            (rising edge-triggered cell FDRE clocked by sys_clk_pin  {rise@0.000ns fall@4.000ns period=8.000ns})
  Path Group:             sys_clk_pin
  Path Type:              Setup (Max at Slow Process Corner)
  Requirement:            8.000ns  (sys_clk_pin rise@8.000ns - sys_clk_pin rise@0.000ns)
  Data Path Delay:        4.583ns  (logic 0.704ns (15.361%)  route 3.879ns (84.639%))
  Logic Levels:           2  (LUT4=1 LUT6=1)
  Clock Path Skew:        -0.139ns (DCD - SCD + CPR)
    Destination Clock Delay (DCD):    4.868ns = ( 12.868 - 8.000 ) 
    Source Clock Delay      (SCD):    5.398ns
    Clock Pessimism Removal (CPR):    0.391ns
  Clock Uncertainty:      0.035ns  ((TSJ^2 + TIJ^2)^1/2 + DJ) / 2 + PE
    Total System Jitter     (TSJ):    0.071ns
    Total Input Jitter      (TIJ):    0.000ns
    Discrete Jitter          (DJ):    0.000ns
    Phase Error              (PE):    0.000ns

    Location             Delay type                Incr(ns)  Path(ns)    Netlist Resource(s)
  -------------------------------------------------------------------    -------------------
                         (clock sys_clk_pin rise edge)
                                                      0.000     0.000 r  
    K17                                               0.000     0.000 r  sysclk (IN)
                         net (fo=0)                   0.000     0.000    sysclk
    K17                  IBUF (Prop_ibuf_I_O)         1.492     1.492 r  sysclk_IBUF_inst/O
                         net (fo=1, routed)           2.076     3.568    sysclk_IBUF
    BUFGCTRL_X0Y16       BUFG (Prop_bufg_I_O)         0.101     3.669 r  sysclk_IBUF_BUFG_inst/O
                         net (fo=260, routed)         1.729     5.398    U_GAME_LOGIC/U_FSM/CLK
    SLICE_X39Y67         FDRE                                         r  U_GAME_LOGIC/U_FSM/FSM_sequential_state_reg[0]/C
  -------------------------------------------------------------------    -------------------
    SLICE_X39Y67         FDRE (Prop_fdre_C_Q)         0.456     5.854 r  U_GAME_LOGIC/U_FSM/FSM_sequential_state_reg[0]/Q
                         net (fo=35, routed)          1.655     7.509    U_GAME_LOGIC/U_FSM/Q[0]
    SLICE_X37Y67         LUT4 (Prop_lut4_I2_O)        0.124     7.633 r  U_GAME_LOGIC/U_FSM/ram_block[0][3]_i_3/O
                         net (fo=32, routed)          1.825     9.458    U_GAME_LOGIC/U_FSM/sig_we
    SLICE_X32Y70         LUT6 (Prop_lut6_I0_O)        0.124     9.582 r  U_GAME_LOGIC/U_FSM/ram_block[24][3]_i_1/O
                         net (fo=4, routed)           0.399     9.981    U_SEQ_MEM/ram_block_reg[24][3]_0[0]
    SLICE_X32Y70         FDRE                                         r  U_SEQ_MEM/ram_block_reg[24][0]/CE
  -------------------------------------------------------------------    -------------------

                         (clock sys_clk_pin rise edge)
                                                      8.000     8.000 r  
    K17                                               0.000     8.000 r  sysclk (IN)
                         net (fo=0)                   0.000     8.000    sysclk
    K17                  IBUF (Prop_ibuf_I_O)         1.421     9.421 r  sysclk_IBUF_inst/O
                         net (fo=1, routed)           1.880    11.301    sysclk_IBUF
    BUFGCTRL_X0Y16       BUFG (Prop_bufg_I_O)         0.091    11.392 r  sysclk_IBUF_BUFG_inst/O
                         net (fo=260, routed)         1.476    12.868    U_SEQ_MEM/CLK
    SLICE_X32Y70         FDRE                                         r  U_SEQ_MEM/ram_block_reg[24][0]/C
                         clock pessimism              0.391    13.259    
                         clock uncertainty           -0.035    13.223    
    SLICE_X32Y70         FDRE (Setup_fdre_C_CE)      -0.169    13.054    U_SEQ_MEM/ram_block_reg[24][0]
  -------------------------------------------------------------------
                         required time                         13.054    
                         arrival time                          -9.981    
  -------------------------------------------------------------------
                         slack                                  3.074    

Slack (MET) :             3.074ns  (required time - arrival time)
  Source:                 U_GAME_LOGIC/U_FSM/FSM_sequential_state_reg[0]/C
                            (rising edge-triggered cell FDRE clocked by sys_clk_pin  {rise@0.000ns fall@4.000ns period=8.000ns})
  Destination:            U_SEQ_MEM/ram_block_reg[24][1]/CE
                            (rising edge-triggered cell FDRE clocked by sys_clk_pin  {rise@0.000ns fall@4.000ns period=8.000ns})
  Path Group:             sys_clk_pin
  Path Type:              Setup (Max at Slow Process Corner)
  Requirement:            8.000ns  (sys_clk_pin rise@8.000ns - sys_clk_pin rise@0.000ns)
  Data Path Delay:        4.583ns  (logic 0.704ns (15.361%)  route 3.879ns (84.639%))
  Logic Levels:           2  (LUT4=1 LUT6=1)
  Clock Path Skew:        -0.139ns (DCD - SCD + CPR)
    Destination Clock Delay (DCD):    4.868ns = ( 12.868 - 8.000 ) 
    Source Clock Delay      (SCD):    5.398ns
    Clock Pessimism Removal (CPR):    0.391ns
  Clock Uncertainty:      0.035ns  ((TSJ^2 + TIJ^2)^1/2 + DJ) / 2 + PE
    Total System Jitter     (TSJ):    0.071ns
    Total Input Jitter      (TIJ):    0.000ns
    Discrete Jitter          (DJ):    0.000ns
    Phase Error              (PE):    0.000ns

    Location             Delay type                Incr(ns)  Path(ns)    Netlist Resource(s)
  -------------------------------------------------------------------    -------------------
                         (clock sys_clk_pin rise edge)
                                                      0.000     0.000 r  
    K17                                               0.000     0.000 r  sysclk (IN)
                         net (fo=0)                   0.000     0.000    sysclk
    K17                  IBUF (Prop_ibuf_I_O)         1.492     1.492 r  sysclk_IBUF_inst/O
                         net (fo=1, routed)           2.076     3.568    sysclk_IBUF
    BUFGCTRL_X0Y16       BUFG (Prop_bufg_I_O)         0.101     3.669 r  sysclk_IBUF_BUFG_inst/O
                         net (fo=260, routed)         1.729     5.398    U_GAME_LOGIC/U_FSM/CLK
    SLICE_X39Y67         FDRE                                         r  U_GAME_LOGIC/U_FSM/FSM_sequential_state_reg[0]/C
  -------------------------------------------------------------------    -------------------
    SLICE_X39Y67         FDRE (Prop_fdre_C_Q)         0.456     5.854 r  U_GAME_LOGIC/U_FSM/FSM_sequential_state_reg[0]/Q
                         net (fo=35, routed)          1.655     7.509    U_GAME_LOGIC/U_FSM/Q[0]
    SLICE_X37Y67         LUT4 (Prop_lut4_I2_O)        0.124     7.633 r  U_GAME_LOGIC/U_FSM/ram_block[0][3]_i_3/O
                         net (fo=32, routed)          1.825     9.458    U_GAME_LOGIC/U_FSM/sig_we
    SLICE_X32Y70         LUT6 (Prop_lut6_I0_O)        0.124     9.582 r  U_GAME_LOGIC/U_FSM/ram_block[24][3]_i_1/O
                         net (fo=4, routed)           0.399     9.981    U_SEQ_MEM/ram_block_reg[24][3]_0[0]
    SLICE_X32Y70         FDRE                                         r  U_SEQ_MEM/ram_block_reg[24][1]/CE
  -------------------------------------------------------------------    -------------------

                         (clock sys_clk_pin rise edge)
                                                      8.000     8.000 r  
    K17                                               0.000     8.000 r  sysclk (IN)
                         net (fo=0)                   0.000     8.000    sysclk
    K17                  IBUF (Prop_ibuf_I_O)         1.421     9.421 r  sysclk_IBUF_inst/O
                         net (fo=1, routed)           1.880    11.301    sysclk_IBUF
    BUFGCTRL_X0Y16       BUFG (Prop_bufg_I_O)         0.091    11.392 r  sysclk_IBUF_BUFG_inst/O
                         net (fo=260, routed)         1.476    12.868    U_SEQ_MEM/CLK
    SLICE_X32Y70         FDRE                                         r  U_SEQ_MEM/ram_block_reg[24][1]/C
                         clock pessimism              0.391    13.259    
                         clock uncertainty           -0.035    13.223    
    SLICE_X32Y70         FDRE (Setup_fdre_C_CE)      -0.169    13.054    U_SEQ_MEM/ram_block_reg[24][1]
  -------------------------------------------------------------------
                         required time                         13.054    
                         arrival time                          -9.981    
  -------------------------------------------------------------------
                         slack                                  3.074    

Slack (MET) :             3.074ns  (required time - arrival time)
  Source:                 U_GAME_LOGIC/U_FSM/FSM_sequential_state_reg[0]/C
                            (rising edge-triggered cell FDRE clocked by sys_clk_pin  {rise@0.000ns fall@4.000ns period=8.000ns})
  Destination:            U_SEQ_MEM/ram_block_reg[24][2]/CE
                            (rising edge-triggered cell FDRE clocked by sys_clk_pin  {rise@0.000ns fall@4.000ns period=8.000ns})
  Path Group:             sys_clk_pin
  Path Type:              Setup (Max at Slow Process Corner)
  Requirement:            8.000ns  (sys_clk_pin rise@8.000ns - sys_clk_pin rise@0.000ns)
  Data Path Delay:        4.583ns  (logic 0.704ns (15.361%)  route 3.879ns (84.639%))
  Logic Levels:           2  (LUT4=1 LUT6=1)
  Clock Path Skew:        -0.139ns (DCD - SCD + CPR)
    Destination Clock Delay (DCD):    4.868ns = ( 12.868 - 8.000 ) 
    Source Clock Delay      (SCD):    5.398ns
    Clock Pessimism Removal (CPR):    0.391ns
  Clock Uncertainty:      0.035ns  ((TSJ^2 + TIJ^2)^1/2 + DJ) / 2 + PE
    Total System Jitter     (TSJ):    0.071ns
    Total Input Jitter      (TIJ):    0.000ns
    Discrete Jitter          (DJ):    0.000ns
    Phase Error              (PE):    0.000ns

    Location             Delay type                Incr(ns)  Path(ns)    Netlist Resource(s)
  -------------------------------------------------------------------    -------------------
                         (clock sys_clk_pin rise edge)
                                                      0.000     0.000 r  
    K17                                               0.000     0.000 r  sysclk (IN)
                         net (fo=0)                   0.000     0.000    sysclk
    K17                  IBUF (Prop_ibuf_I_O)         1.492     1.492 r  sysclk_IBUF_inst/O
                         net (fo=1, routed)           2.076     3.568    sysclk_IBUF
    BUFGCTRL_X0Y16       BUFG (Prop_bufg_I_O)         0.101     3.669 r  sysclk_IBUF_BUFG_inst/O
                         net (fo=260, routed)         1.729     5.398    U_GAME_LOGIC/U_FSM/CLK
    SLICE_X39Y67         FDRE                                         r  U_GAME_LOGIC/U_FSM/FSM_sequential_state_reg[0]/C
  -------------------------------------------------------------------    -------------------
    SLICE_X39Y67         FDRE (Prop_fdre_C_Q)         0.456     5.854 r  U_GAME_LOGIC/U_FSM/FSM_sequential_state_reg[0]/Q
                         net (fo=35, routed)          1.655     7.509    U_GAME_LOGIC/U_FSM/Q[0]
    SLICE_X37Y67         LUT4 (Prop_lut4_I2_O)        0.124     7.633 r  U_GAME_LOGIC/U_FSM/ram_block[0][3]_i_3/O
                         net (fo=32, routed)          1.825     9.458    U_GAME_LOGIC/U_FSM/sig_we
    SLICE_X32Y70         LUT6 (Prop_lut6_I0_O)        0.124     9.582 r  U_GAME_LOGIC/U_FSM/ram_block[24][3]_i_1/O
                         net (fo=4, routed)           0.399     9.981    U_SEQ_MEM/ram_block_reg[24][3]_0[0]
    SLICE_X32Y70         FDRE                                         r  U_SEQ_MEM/ram_block_reg[24][2]/CE
  -------------------------------------------------------------------    -------------------

                         (clock sys_clk_pin rise edge)
                                                      8.000     8.000 r  
    K17                                               0.000     8.000 r  sysclk (IN)
                         net (fo=0)                   0.000     8.000    sysclk
    K17                  IBUF (Prop_ibuf_I_O)         1.421     9.421 r  sysclk_IBUF_inst/O
                         net (fo=1, routed)           1.880    11.301    sysclk_IBUF
    BUFGCTRL_X0Y16       BUFG (Prop_bufg_I_O)         0.091    11.392 r  sysclk_IBUF_BUFG_inst/O
                         net (fo=260, routed)         1.476    12.868    U_SEQ_MEM/CLK
    SLICE_X32Y70         FDRE                                         r  U_SEQ_MEM/ram_block_reg[24][2]/C
                         clock pessimism              0.391    13.259    
                         clock uncertainty           -0.035    13.223    
    SLICE_X32Y70         FDRE (Setup_fdre_C_CE)      -0.169    13.054    U_SEQ_MEM/ram_block_reg[24][2]
  -------------------------------------------------------------------
                         required time                         13.054    
                         arrival time                          -9.981    
  -------------------------------------------------------------------
                         slack                                  3.074    

Slack (MET) :             3.074ns  (required time - arrival time)
  Source:                 U_GAME_LOGIC/U_FSM/FSM_sequential_state_reg[0]/C
                            (rising edge-triggered cell FDRE clocked by sys_clk_pin  {rise@0.000ns fall@4.000ns period=8.000ns})
  Destination:            U_SEQ_MEM/ram_block_reg[24][3]/CE
                            (rising edge-triggered cell FDRE clocked by sys_clk_pin  {rise@0.000ns fall@4.000ns period=8.000ns})
  Path Group:             sys_clk_pin
  Path Type:              Setup (Max at Slow Process Corner)
  Requirement:            8.000ns  (sys_clk_pin rise@8.000ns - sys_clk_pin rise@0.000ns)
  Data Path Delay:        4.583ns  (logic 0.704ns (15.361%)  route 3.879ns (84.639%))
  Logic Levels:           2  (LUT4=1 LUT6=1)
  Clock Path Skew:        -0.139ns (DCD - SCD + CPR)
    Destination Clock Delay (DCD):    4.868ns = ( 12.868 - 8.000 ) 
    Source Clock Delay      (SCD):    5.398ns
    Clock Pessimism Removal (CPR):    0.391ns
  Clock Uncertainty:      0.035ns  ((TSJ^2 + TIJ^2)^1/2 + DJ) / 2 + PE
    Total System Jitter     (TSJ):    0.071ns
    Total Input Jitter      (TIJ):    0.000ns
    Discrete Jitter          (DJ):    0.000ns
    Phase Error              (PE):    0.000ns

    Location             Delay type                Incr(ns)  Path(ns)    Netlist Resource(s)
  -------------------------------------------------------------------    -------------------
                         (clock sys_clk_pin rise edge)
                                                      0.000     0.000 r  
    K17                                               0.000     0.000 r  sysclk (IN)
                         net (fo=0)                   0.000     0.000    sysclk
    K17                  IBUF (Prop_ibuf_I_O)         1.492     1.492 r  sysclk_IBUF_inst/O
                         net (fo=1, routed)           2.076     3.568    sysclk_IBUF
    BUFGCTRL_X0Y16       BUFG (Prop_bufg_I_O)         0.101     3.669 r  sysclk_IBUF_BUFG_inst/O
                         net (fo=260, routed)         1.729     5.398    U_GAME_LOGIC/U_FSM/CLK
    SLICE_X39Y67         FDRE                                         r  U_GAME_LOGIC/U_FSM/FSM_sequential_state_reg[0]/C
  -------------------------------------------------------------------    -------------------
    SLICE_X39Y67         FDRE (Prop_fdre_C_Q)         0.456     5.854 r  U_GAME_LOGIC/U_FSM/FSM_sequential_state_reg[0]/Q
                         net (fo=35, routed)          1.655     7.509    U_GAME_LOGIC/U_FSM/Q[0]
    SLICE_X37Y67         LUT4 (Prop_lut4_I2_O)        0.124     7.633 r  U_GAME_LOGIC/U_FSM/ram_block[0][3]_i_3/O
                         net (fo=32, routed)          1.825     9.458    U_GAME_LOGIC/U_FSM/sig_we
    SLICE_X32Y70         LUT6 (Prop_lut6_I0_O)        0.124     9.582 r  U_GAME_LOGIC/U_FSM/ram_block[24][3]_i_1/O
                         net (fo=4, routed)           0.399     9.981    U_SEQ_MEM/ram_block_reg[24][3]_0[0]
    SLICE_X32Y70         FDRE                                         r  U_SEQ_MEM/ram_block_reg[24][3]/CE
  -------------------------------------------------------------------    -------------------

                         (clock sys_clk_pin rise edge)
                                                      8.000     8.000 r  
    K17                                               0.000     8.000 r  sysclk (IN)
                         net (fo=0)                   0.000     8.000    sysclk
    K17                  IBUF (Prop_ibuf_I_O)         1.421     9.421 r  sysclk_IBUF_inst/O
                         net (fo=1, routed)           1.880    11.301    sysclk_IBUF
    BUFGCTRL_X0Y16       BUFG (Prop_bufg_I_O)         0.091    11.392 r  sysclk_IBUF_BUFG_inst/O
                         net (fo=260, routed)         1.476    12.868    U_SEQ_MEM/CLK
    SLICE_X32Y70         FDRE                                         r  U_SEQ_MEM/ram_block_reg[24][3]/C
                         clock pessimism              0.391    13.259    
                         clock uncertainty           -0.035    13.223    
    SLICE_X32Y70         FDRE (Setup_fdre_C_CE)      -0.169    13.054    U_SEQ_MEM/ram_block_reg[24][3]
  -------------------------------------------------------------------
                         required time                         13.054    
                         arrival time                          -9.981    
  -------------------------------------------------------------------
                         slack                                  3.074    

Slack (MET) :             3.130ns  (required time - arrival time)
  Source:                 U_GAME_LOGIC/U_FSM/FSM_sequential_state_reg[0]/C
                            (rising edge-triggered cell FDRE clocked by sys_clk_pin  {rise@0.000ns fall@4.000ns period=8.000ns})
  Destination:            U_SEQ_MEM/ram_block_reg[26][0]/CE
                            (rising edge-triggered cell FDRE clocked by sys_clk_pin  {rise@0.000ns fall@4.000ns period=8.000ns})
  Path Group:             sys_clk_pin
  Path Type:              Setup (Max at Slow Process Corner)
  Requirement:            8.000ns  (sys_clk_pin rise@8.000ns - sys_clk_pin rise@0.000ns)
  Data Path Delay:        4.528ns  (logic 0.704ns (15.547%)  route 3.824ns (84.453%))
  Logic Levels:           2  (LUT4=1 LUT6=1)
  Clock Path Skew:        -0.138ns (DCD - SCD + CPR)
    Destination Clock Delay (DCD):    4.869ns = ( 12.869 - 8.000 ) 
    Source Clock Delay      (SCD):    5.398ns
    Clock Pessimism Removal (CPR):    0.391ns
  Clock Uncertainty:      0.035ns  ((TSJ^2 + TIJ^2)^1/2 + DJ) / 2 + PE
    Total System Jitter     (TSJ):    0.071ns
    Total Input Jitter      (TIJ):    0.000ns
    Discrete Jitter          (DJ):    0.000ns
    Phase Error              (PE):    0.000ns

    Location             Delay type                Incr(ns)  Path(ns)    Netlist Resource(s)
  -------------------------------------------------------------------    -------------------
                         (clock sys_clk_pin rise edge)
                                                      0.000     0.000 r  
    K17                                               0.000     0.000 r  sysclk (IN)
                         net (fo=0)                   0.000     0.000    sysclk
    K17                  IBUF (Prop_ibuf_I_O)         1.492     1.492 r  sysclk_IBUF_inst/O
                         net (fo=1, routed)           2.076     3.568    sysclk_IBUF
    BUFGCTRL_X0Y16       BUFG (Prop_bufg_I_O)         0.101     3.669 r  sysclk_IBUF_BUFG_inst/O
                         net (fo=260, routed)         1.729     5.398    U_GAME_LOGIC/U_FSM/CLK
    SLICE_X39Y67         FDRE                                         r  U_GAME_LOGIC/U_FSM/FSM_sequential_state_reg[0]/C
  -------------------------------------------------------------------    -------------------
    SLICE_X39Y67         FDRE (Prop_fdre_C_Q)         0.456     5.854 r  U_GAME_LOGIC/U_FSM/FSM_sequential_state_reg[0]/Q
                         net (fo=35, routed)          1.655     7.509    U_GAME_LOGIC/U_FSM/Q[0]
    SLICE_X37Y67         LUT4 (Prop_lut4_I2_O)        0.124     7.633 r  U_GAME_LOGIC/U_FSM/ram_block[0][3]_i_3/O
                         net (fo=32, routed)          1.823     9.456    U_GAME_LOGIC/U_FSM/sig_we
    SLICE_X32Y70         LUT6 (Prop_lut6_I0_O)        0.124     9.580 r  U_GAME_LOGIC/U_FSM/ram_block[26][3]_i_1/O
                         net (fo=4, routed)           0.346     9.926    U_SEQ_MEM/ram_block_reg[26][3]_0[0]
    SLICE_X32Y68         FDRE                                         r  U_SEQ_MEM/ram_block_reg[26][0]/CE
  -------------------------------------------------------------------    -------------------

                         (clock sys_clk_pin rise edge)
                                                      8.000     8.000 r  
    K17                                               0.000     8.000 r  sysclk (IN)
                         net (fo=0)                   0.000     8.000    sysclk
    K17                  IBUF (Prop_ibuf_I_O)         1.421     9.421 r  sysclk_IBUF_inst/O
                         net (fo=1, routed)           1.880    11.301    sysclk_IBUF
    BUFGCTRL_X0Y16       BUFG (Prop_bufg_I_O)         0.091    11.392 r  sysclk_IBUF_BUFG_inst/O
                         net (fo=260, routed)         1.477    12.869    U_SEQ_MEM/CLK
    SLICE_X32Y68         FDRE                                         r  U_SEQ_MEM/ram_block_reg[26][0]/C
                         clock pessimism              0.391    13.260    
                         clock uncertainty           -0.035    13.224    
    SLICE_X32Y68         FDRE (Setup_fdre_C_CE)      -0.169    13.055    U_SEQ_MEM/ram_block_reg[26][0]
  -------------------------------------------------------------------
                         required time                         13.055    
                         arrival time                          -9.926    
  -------------------------------------------------------------------
                         slack                                  3.130    

Slack (MET) :             3.134ns  (required time - arrival time)
  Source:                 U_GAME_LOGIC/U_FSM/FSM_sequential_state_reg[0]/C
                            (rising edge-triggered cell FDRE clocked by sys_clk_pin  {rise@0.000ns fall@4.000ns period=8.000ns})
  Destination:            U_SEQ_MEM/ram_block_reg[25][0]/CE
                            (rising edge-triggered cell FDRE clocked by sys_clk_pin  {rise@0.000ns fall@4.000ns period=8.000ns})
  Path Group:             sys_clk_pin
  Path Type:              Setup (Max at Slow Process Corner)
  Requirement:            8.000ns  (sys_clk_pin rise@8.000ns - sys_clk_pin rise@0.000ns)
  Data Path Delay:        4.522ns  (logic 0.704ns (15.567%)  route 3.818ns (84.433%))
  Logic Levels:           2  (LUT4=1 LUT6=1)
  Clock Path Skew:        -0.139ns (DCD - SCD + CPR)
    Destination Clock Delay (DCD):    4.868ns = ( 12.868 - 8.000 ) 
    Source Clock Delay      (SCD):    5.398ns
    Clock Pessimism Removal (CPR):    0.391ns
  Clock Uncertainty:      0.035ns  ((TSJ^2 + TIJ^2)^1/2 + DJ) / 2 + PE
    Total System Jitter     (TSJ):    0.071ns
    Total Input Jitter      (TIJ):    0.000ns
    Discrete Jitter          (DJ):    0.000ns
    Phase Error              (PE):    0.000ns

    Location             Delay type                Incr(ns)  Path(ns)    Netlist Resource(s)
  -------------------------------------------------------------------    -------------------
                         (clock sys_clk_pin rise edge)
                                                      0.000     0.000 r  
    K17                                               0.000     0.000 r  sysclk (IN)
                         net (fo=0)                   0.000     0.000    sysclk
    K17                  IBUF (Prop_ibuf_I_O)         1.492     1.492 r  sysclk_IBUF_inst/O
                         net (fo=1, routed)           2.076     3.568    sysclk_IBUF
    BUFGCTRL_X0Y16       BUFG (Prop_bufg_I_O)         0.101     3.669 r  sysclk_IBUF_BUFG_inst/O
                         net (fo=260, routed)         1.729     5.398    U_GAME_LOGIC/U_FSM/CLK
    SLICE_X39Y67         FDRE                                         r  U_GAME_LOGIC/U_FSM/FSM_sequential_state_reg[0]/C
  -------------------------------------------------------------------    -------------------
    SLICE_X39Y67         FDRE (Prop_fdre_C_Q)         0.456     5.854 r  U_GAME_LOGIC/U_FSM/FSM_sequential_state_reg[0]/Q
                         net (fo=35, routed)          1.655     7.509    U_GAME_LOGIC/U_FSM/Q[0]
    SLICE_X37Y67         LUT4 (Prop_lut4_I2_O)        0.124     7.633 r  U_GAME_LOGIC/U_FSM/ram_block[0][3]_i_3/O
                         net (fo=32, routed)          1.764     9.397    U_GAME_LOGIC/U_FSM/sig_we
    SLICE_X32Y69         LUT6 (Prop_lut6_I0_O)        0.124     9.521 r  U_GAME_LOGIC/U_FSM/ram_block[25][3]_i_1/O
                         net (fo=4, routed)           0.399     9.920    U_SEQ_MEM/ram_block_reg[25][3]_0[0]
    SLICE_X32Y69         FDRE                                         r  U_SEQ_MEM/ram_block_reg[25][0]/CE
  -------------------------------------------------------------------    -------------------

                         (clock sys_clk_pin rise edge)
                                                      8.000     8.000 r  
    K17                                               0.000     8.000 r  sysclk (IN)
                         net (fo=0)                   0.000     8.000    sysclk
    K17                  IBUF (Prop_ibuf_I_O)         1.421     9.421 r  sysclk_IBUF_inst/O
                         net (fo=1, routed)           1.880    11.301    sysclk_IBUF
    BUFGCTRL_X0Y16       BUFG (Prop_bufg_I_O)         0.091    11.392 r  sysclk_IBUF_BUFG_inst/O
                         net (fo=260, routed)         1.476    12.868    U_SEQ_MEM/CLK
    SLICE_X32Y69         FDRE                                         r  U_SEQ_MEM/ram_block_reg[25][0]/C
                         clock pessimism              0.391    13.259    
                         clock uncertainty           -0.035    13.223    
    SLICE_X32Y69         FDRE (Setup_fdre_C_CE)      -0.169    13.054    U_SEQ_MEM/ram_block_reg[25][0]
  -------------------------------------------------------------------
                         required time                         13.054    
                         arrival time                          -9.920    
  -------------------------------------------------------------------
                         slack                                  3.134    

Slack (MET) :             3.134ns  (required time - arrival time)
  Source:                 U_GAME_LOGIC/U_FSM/FSM_sequential_state_reg[0]/C
                            (rising edge-triggered cell FDRE clocked by sys_clk_pin  {rise@0.000ns fall@4.000ns period=8.000ns})
  Destination:            U_SEQ_MEM/ram_block_reg[25][1]/CE
                            (rising edge-triggered cell FDRE clocked by sys_clk_pin  {rise@0.000ns fall@4.000ns period=8.000ns})
  Path Group:             sys_clk_pin
  Path Type:              Setup (Max at Slow Process Corner)
  Requirement:            8.000ns  (sys_clk_pin rise@8.000ns - sys_clk_pin rise@0.000ns)
  Data Path Delay:        4.522ns  (logic 0.704ns (15.567%)  route 3.818ns (84.433%))
  Logic Levels:           2  (LUT4=1 LUT6=1)
  Clock Path Skew:        -0.139ns (DCD - SCD + CPR)
    Destination Clock Delay (DCD):    4.868ns = ( 12.868 - 8.000 ) 
    Source Clock Delay      (SCD):    5.398ns
    Clock Pessimism Removal (CPR):    0.391ns
  Clock Uncertainty:      0.035ns  ((TSJ^2 + TIJ^2)^1/2 + DJ) / 2 + PE
    Total System Jitter     (TSJ):    0.071ns
    Total Input Jitter      (TIJ):    0.000ns
    Discrete Jitter          (DJ):    0.000ns
    Phase Error              (PE):    0.000ns

    Location             Delay type                Incr(ns)  Path(ns)    Netlist Resource(s)
  -------------------------------------------------------------------    -------------------
                         (clock sys_clk_pin rise edge)
                                                      0.000     0.000 r  
    K17                                               0.000     0.000 r  sysclk (IN)
                         net (fo=0)                   0.000     0.000    sysclk
    K17                  IBUF (Prop_ibuf_I_O)         1.492     1.492 r  sysclk_IBUF_inst/O
                         net (fo=1, routed)           2.076     3.568    sysclk_IBUF
    BUFGCTRL_X0Y16       BUFG (Prop_bufg_I_O)         0.101     3.669 r  sysclk_IBUF_BUFG_inst/O
                         net (fo=260, routed)         1.729     5.398    U_GAME_LOGIC/U_FSM/CLK
    SLICE_X39Y67         FDRE                                         r  U_GAME_LOGIC/U_FSM/FSM_sequential_state_reg[0]/C
  -------------------------------------------------------------------    -------------------
    SLICE_X39Y67         FDRE (Prop_fdre_C_Q)         0.456     5.854 r  U_GAME_LOGIC/U_FSM/FSM_sequential_state_reg[0]/Q
                         net (fo=35, routed)          1.655     7.509    U_GAME_LOGIC/U_FSM/Q[0]
    SLICE_X37Y67         LUT4 (Prop_lut4_I2_O)        0.124     7.633 r  U_GAME_LOGIC/U_FSM/ram_block[0][3]_i_3/O
                         net (fo=32, routed)          1.764     9.397    U_GAME_LOGIC/U_FSM/sig_we
    SLICE_X32Y69         LUT6 (Prop_lut6_I0_O)        0.124     9.521 r  U_GAME_LOGIC/U_FSM/ram_block[25][3]_i_1/O
                         net (fo=4, routed)           0.399     9.920    U_SEQ_MEM/ram_block_reg[25][3]_0[0]
    SLICE_X32Y69         FDRE                                         r  U_SEQ_MEM/ram_block_reg[25][1]/CE
  -------------------------------------------------------------------    -------------------

                         (clock sys_clk_pin rise edge)
                                                      8.000     8.000 r  
    K17                                               0.000     8.000 r  sysclk (IN)
                         net (fo=0)                   0.000     8.000    sysclk
    K17                  IBUF (Prop_ibuf_I_O)         1.421     9.421 r  sysclk_IBUF_inst/O
                         net (fo=1, routed)           1.880    11.301    sysclk_IBUF
    BUFGCTRL_X0Y16       BUFG (Prop_bufg_I_O)         0.091    11.392 r  sysclk_IBUF_BUFG_inst/O
                         net (fo=260, routed)         1.476    12.868    U_SEQ_MEM/CLK
    SLICE_X32Y69         FDRE                                         r  U_SEQ_MEM/ram_block_reg[25][1]/C
                         clock pessimism              0.391    13.259    
                         clock uncertainty           -0.035    13.223    
    SLICE_X32Y69         FDRE (Setup_fdre_C_CE)      -0.169    13.054    U_SEQ_MEM/ram_block_reg[25][1]
  -------------------------------------------------------------------
                         required time                         13.054    
                         arrival time                          -9.920    
  -------------------------------------------------------------------
                         slack                                  3.134    





Min Delay Paths
--------------------------------------------------------------------------------------
Slack (MET) :             0.192ns  (arrival time - required time)
  Source:                 U_GAME_LOGIC/U_DIS/ptr_reg[2]/C
                            (rising edge-triggered cell FDRE clocked by sys_clk_pin  {rise@0.000ns fall@4.000ns period=8.000ns})
  Destination:            U_GAME_LOGIC/U_DIS/ptr_reg[4]/D
                            (rising edge-triggered cell FDRE clocked by sys_clk_pin  {rise@0.000ns fall@4.000ns period=8.000ns})
  Path Group:             sys_clk_pin
  Path Type:              Hold (Min at Fast Process Corner)
  Requirement:            0.000ns  (sys_clk_pin rise@0.000ns - sys_clk_pin rise@0.000ns)
  Data Path Delay:        0.312ns  (logic 0.190ns (60.846%)  route 0.122ns (39.154%))
  Logic Levels:           1  (LUT5=1)
  Clock Path Skew:        0.013ns (DCD - SCD - CPR)
    Destination Clock Delay (DCD):    2.008ns
    Source Clock Delay      (SCD):    1.493ns
    Clock Pessimism Removal (CPR):    0.502ns

    Location             Delay type                Incr(ns)  Path(ns)    Netlist Resource(s)
  -------------------------------------------------------------------    -------------------
                         (clock sys_clk_pin rise edge)
                                                      0.000     0.000 r  
    K17                                               0.000     0.000 r  sysclk (IN)
                         net (fo=0)                   0.000     0.000    sysclk
    K17                  IBUF (Prop_ibuf_I_O)         0.259     0.259 r  sysclk_IBUF_inst/O
                         net (fo=1, routed)           0.627     0.887    sysclk_IBUF
    BUFGCTRL_X0Y16       BUFG (Prop_bufg_I_O)         0.026     0.913 r  sysclk_IBUF_BUFG_inst/O
                         net (fo=260, routed)         0.581     1.493    U_GAME_LOGIC/U_DIS/CLK
    SLICE_X41Y68         FDRE                                         r  U_GAME_LOGIC/U_DIS/ptr_reg[2]/C
  -------------------------------------------------------------------    -------------------
    SLICE_X41Y68         FDRE (Prop_fdre_C_Q)         0.141     1.634 r  U_GAME_LOGIC/U_DIS/ptr_reg[2]/Q
                         net (fo=5, routed)           0.122     1.757    U_GAME_LOGIC/U_DIS/Q[2]
    SLICE_X40Y68         LUT5 (Prop_lut5_I0_O)        0.049     1.806 r  U_GAME_LOGIC/U_DIS/ptr[4]_i_2/O
                         net (fo=1, routed)           0.000     1.806    U_GAME_LOGIC/U_DIS/plusOp[4]
    SLICE_X40Y68         FDRE                                         r  U_GAME_LOGIC/U_DIS/ptr_reg[4]/D
  -------------------------------------------------------------------    -------------------

                         (clock sys_clk_pin rise edge)
                                                      0.000     0.000 r  
    K17                                               0.000     0.000 r  sysclk (IN)
                         net (fo=0)                   0.000     0.000    sysclk
    K17                  IBUF (Prop_ibuf_I_O)         0.447     0.447 r  sysclk_IBUF_inst/O
                         net (fo=1, routed)           0.683     1.130    sysclk_IBUF
    BUFGCTRL_X0Y16       BUFG (Prop_bufg_I_O)         0.029     1.159 r  sysclk_IBUF_BUFG_inst/O
                         net (fo=260, routed)         0.849     2.008    U_GAME_LOGIC/U_DIS/CLK
    SLICE_X40Y68         FDRE                                         r  U_GAME_LOGIC/U_DIS/ptr_reg[4]/C
                         clock pessimism             -0.502     1.506    
    SLICE_X40Y68         FDRE (Hold_fdre_C_D)         0.107     1.613    U_GAME_LOGIC/U_DIS/ptr_reg[4]
  -------------------------------------------------------------------
                         required time                         -1.613    
                         arrival time                           1.806    
  -------------------------------------------------------------------
                         slack                                  0.192    

Slack (MET) :             0.203ns  (arrival time - required time)
  Source:                 U_GAME_LOGIC/U_DIS/ptr_reg[2]/C
                            (rising edge-triggered cell FDRE clocked by sys_clk_pin  {rise@0.000ns fall@4.000ns period=8.000ns})
  Destination:            U_GAME_LOGIC/U_DIS/ptr_reg[3]/D
                            (rising edge-triggered cell FDRE clocked by sys_clk_pin  {rise@0.000ns fall@4.000ns period=8.000ns})
  Path Group:             sys_clk_pin
  Path Type:              Hold (Min at Fast Process Corner)
  Requirement:            0.000ns  (sys_clk_pin rise@0.000ns - sys_clk_pin rise@0.000ns)
  Data Path Delay:        0.308ns  (logic 0.186ns (60.338%)  route 0.122ns (39.662%))
  Logic Levels:           1  (LUT4=1)
  Clock Path Skew:        0.013ns (DCD - SCD - CPR)
    Destination Clock Delay (DCD):    2.008ns
    Source Clock Delay      (SCD):    1.493ns
    Clock Pessimism Removal (CPR):    0.502ns

    Location             Delay type                Incr(ns)  Path(ns)    Netlist Resource(s)
  -------------------------------------------------------------------    -------------------
                         (clock sys_clk_pin rise edge)
                                                      0.000     0.000 r  
    K17                                               0.000     0.000 r  sysclk (IN)
                         net (fo=0)                   0.000     0.000    sysclk
    K17                  IBUF (Prop_ibuf_I_O)         0.259     0.259 r  sysclk_IBUF_inst/O
                         net (fo=1, routed)           0.627     0.887    sysclk_IBUF
    BUFGCTRL_X0Y16       BUFG (Prop_bufg_I_O)         0.026     0.913 r  sysclk_IBUF_BUFG_inst/O
                         net (fo=260, routed)         0.581     1.493    U_GAME_LOGIC/U_DIS/CLK
    SLICE_X41Y68         FDRE                                         r  U_GAME_LOGIC/U_DIS/ptr_reg[2]/C
  -------------------------------------------------------------------    -------------------
    SLICE_X41Y68         FDRE (Prop_fdre_C_Q)         0.141     1.634 r  U_GAME_LOGIC/U_DIS/ptr_reg[2]/Q
                         net (fo=5, routed)           0.122     1.757    U_GAME_LOGIC/U_DIS/Q[2]
    SLICE_X40Y68         LUT4 (Prop_lut4_I2_O)        0.045     1.802 r  U_GAME_LOGIC/U_DIS/ptr[3]_i_1/O
                         net (fo=1, routed)           0.000     1.802    U_GAME_LOGIC/U_DIS/plusOp[3]
    SLICE_X40Y68         FDRE                                         r  U_GAME_LOGIC/U_DIS/ptr_reg[3]/D
  -------------------------------------------------------------------    -------------------

                         (clock sys_clk_pin rise edge)
                                                      0.000     0.000 r  
    K17                                               0.000     0.000 r  sysclk (IN)
                         net (fo=0)                   0.000     0.000    sysclk
    K17                  IBUF (Prop_ibuf_I_O)         0.447     0.447 r  sysclk_IBUF_inst/O
                         net (fo=1, routed)           0.683     1.130    sysclk_IBUF
    BUFGCTRL_X0Y16       BUFG (Prop_bufg_I_O)         0.029     1.159 r  sysclk_IBUF_BUFG_inst/O
                         net (fo=260, routed)         0.849     2.008    U_GAME_LOGIC/U_DIS/CLK
    SLICE_X40Y68         FDRE                                         r  U_GAME_LOGIC/U_DIS/ptr_reg[3]/C
                         clock pessimism             -0.502     1.506    
    SLICE_X40Y68         FDRE (Hold_fdre_C_D)         0.092     1.598    U_GAME_LOGIC/U_DIS/ptr_reg[3]
  -------------------------------------------------------------------
                         required time                         -1.598    
                         arrival time                           1.802    
  -------------------------------------------------------------------
                         slack                                  0.203    

Slack (MET) :             0.211ns  (arrival time - required time)
  Source:                 U_GAME_LOGIC/U_INPUT/sync1_reg[1]/C
                            (rising edge-triggered cell FDRE clocked by sys_clk_pin  {rise@0.000ns fall@4.000ns period=8.000ns})
  Destination:            U_GAME_LOGIC/U_INPUT/sync2_reg[1]/D
                            (rising edge-triggered cell FDRE clocked by sys_clk_pin  {rise@0.000ns fall@4.000ns period=8.000ns})
  Path Group:             sys_clk_pin
  Path Type:              Hold (Min at Fast Process Corner)
  Requirement:            0.000ns  (sys_clk_pin rise@0.000ns - sys_clk_pin rise@0.000ns)
  Data Path Delay:        0.274ns  (logic 0.164ns (59.853%)  route 0.110ns (40.147%))
  Logic Levels:           0  
  Clock Path Skew:        0.000ns (DCD - SCD - CPR)
    Destination Clock Delay (DCD):    2.013ns
    Source Clock Delay      (SCD):    1.497ns
    Clock Pessimism Removal (CPR):    0.516ns

    Location             Delay type                Incr(ns)  Path(ns)    Netlist Resource(s)
  -------------------------------------------------------------------    -------------------
                         (clock sys_clk_pin rise edge)
                                                      0.000     0.000 r  
    K17                                               0.000     0.000 r  sysclk (IN)
                         net (fo=0)                   0.000     0.000    sysclk
    K17                  IBUF (Prop_ibuf_I_O)         0.259     0.259 r  sysclk_IBUF_inst/O
                         net (fo=1, routed)           0.627     0.887    sysclk_IBUF
    BUFGCTRL_X0Y16       BUFG (Prop_bufg_I_O)         0.026     0.913 r  sysclk_IBUF_BUFG_inst/O
                         net (fo=260, routed)         0.585     1.497    U_GAME_LOGIC/U_INPUT/CLK
    SLICE_X42Y62         FDRE                                         r  U_GAME_LOGIC/U_INPUT/sync1_reg[1]/C
  -------------------------------------------------------------------    -------------------
    SLICE_X42Y62         FDRE (Prop_fdre_C_Q)         0.164     1.661 r  U_GAME_LOGIC/U_INPUT/sync1_reg[1]/Q
                         net (fo=1, routed)           0.110     1.771    U_GAME_LOGIC/U_INPUT/sync1[1]
    SLICE_X42Y62         FDRE                                         r  U_GAME_LOGIC/U_INPUT/sync2_reg[1]/D
  -------------------------------------------------------------------    -------------------

                         (clock sys_clk_pin rise edge)
                                                      0.000     0.000 r  
    K17                                               0.000     0.000 r  sysclk (IN)
                         net (fo=0)                   0.000     0.000    sysclk
    K17                  IBUF (Prop_ibuf_I_O)         0.447     0.447 r  sysclk_IBUF_inst/O
                         net (fo=1, routed)           0.683     1.130    sysclk_IBUF
    BUFGCTRL_X0Y16       BUFG (Prop_bufg_I_O)         0.029     1.159 r  sysclk_IBUF_BUFG_inst/O
                         net (fo=260, routed)         0.854     2.013    U_GAME_LOGIC/U_INPUT/CLK
    SLICE_X42Y62         FDRE                                         r  U_GAME_LOGIC/U_INPUT/sync2_reg[1]/C
                         clock pessimism             -0.516     1.497    
    SLICE_X42Y62         FDRE (Hold_fdre_C_D)         0.063     1.560    U_GAME_LOGIC/U_INPUT/sync2_reg[1]
  -------------------------------------------------------------------
                         required time                         -1.560    
                         arrival time                           1.771    
  -------------------------------------------------------------------
                         slack                                  0.211    

Slack (MET) :             0.212ns  (arrival time - required time)
  Source:                 U_SEQ_MEM/data_out_reg[3]/C
                            (rising edge-triggered cell FDRE clocked by sys_clk_pin  {rise@0.000ns fall@4.000ns period=8.000ns})
  Destination:            U_GAME_LOGIC/U_DIS/led_reg[3]/D
                            (rising edge-triggered cell FDRE clocked by sys_clk_pin  {rise@0.000ns fall@4.000ns period=8.000ns})
  Path Group:             sys_clk_pin
  Path Type:              Hold (Min at Fast Process Corner)
  Requirement:            0.000ns  (sys_clk_pin rise@0.000ns - sys_clk_pin rise@0.000ns)
  Data Path Delay:        0.332ns  (logic 0.189ns (56.894%)  route 0.143ns (43.106%))
  Logic Levels:           1  (LUT2=1)
  Clock Path Skew:        0.013ns (DCD - SCD - CPR)
    Destination Clock Delay (DCD):    2.006ns
    Source Clock Delay      (SCD):    1.492ns
    Clock Pessimism Removal (CPR):    0.501ns

    Location             Delay type                Incr(ns)  Path(ns)    Netlist Resource(s)
  -------------------------------------------------------------------    -------------------
                         (clock sys_clk_pin rise edge)
                                                      0.000     0.000 r  
    K17                                               0.000     0.000 r  sysclk (IN)
                         net (fo=0)                   0.000     0.000    sysclk
    K17                  IBUF (Prop_ibuf_I_O)         0.259     0.259 r  sysclk_IBUF_inst/O
                         net (fo=1, routed)           0.627     0.887    sysclk_IBUF
    BUFGCTRL_X0Y16       BUFG (Prop_bufg_I_O)         0.026     0.913 r  sysclk_IBUF_BUFG_inst/O
                         net (fo=260, routed)         0.580     1.492    U_SEQ_MEM/CLK
    SLICE_X36Y67         FDRE                                         r  U_SEQ_MEM/data_out_reg[3]/C
  -------------------------------------------------------------------    -------------------
    SLICE_X36Y67         FDRE (Prop_fdre_C_Q)         0.141     1.633 r  U_SEQ_MEM/data_out_reg[3]/Q
                         net (fo=2, routed)           0.143     1.776    U_SEQ_MEM/Q[3]
    SLICE_X39Y68         LUT2 (Prop_lut2_I0_O)        0.048     1.824 r  U_SEQ_MEM/led[3]_i_2__0/O
                         net (fo=1, routed)           0.000     1.824    U_GAME_LOGIC/U_DIS/led_reg[3]_1[3]
    SLICE_X39Y68         FDRE                                         r  U_GAME_LOGIC/U_DIS/led_reg[3]/D
  -------------------------------------------------------------------    -------------------

                         (clock sys_clk_pin rise edge)
                                                      0.000     0.000 r  
    K17                                               0.000     0.000 r  sysclk (IN)
                         net (fo=0)                   0.000     0.000    sysclk
    K17                  IBUF (Prop_ibuf_I_O)         0.447     0.447 r  sysclk_IBUF_inst/O
                         net (fo=1, routed)           0.683     1.130    sysclk_IBUF
    BUFGCTRL_X0Y16       BUFG (Prop_bufg_I_O)         0.029     1.159 r  sysclk_IBUF_BUFG_inst/O
                         net (fo=260, routed)         0.847     2.006    U_GAME_LOGIC/U_DIS/CLK
    SLICE_X39Y68         FDRE                                         r  U_GAME_LOGIC/U_DIS/led_reg[3]/C
                         clock pessimism             -0.501     1.505    
    SLICE_X39Y68         FDRE (Hold_fdre_C_D)         0.107     1.612    U_GAME_LOGIC/U_DIS/led_reg[3]
  -------------------------------------------------------------------
                         required time                         -1.612    
                         arrival time                           1.824    
  -------------------------------------------------------------------
                         slack                                  0.212    

Slack (MET) :             0.218ns  (arrival time - required time)
  Source:                 U_GAME_LOGIC/U_DIS/phase_reg/C
                            (rising edge-triggered cell FDRE clocked by sys_clk_pin  {rise@0.000ns fall@4.000ns period=8.000ns})
  Destination:            U_GAME_LOGIC/U_DIS/led_reg[1]/D
                            (rising edge-triggered cell FDRE clocked by sys_clk_pin  {rise@0.000ns fall@4.000ns period=8.000ns})
  Path Group:             sys_clk_pin
  Path Type:              Hold (Min at Fast Process Corner)
  Requirement:            0.000ns  (sys_clk_pin rise@0.000ns - sys_clk_pin rise@0.000ns)
  Data Path Delay:        0.357ns  (logic 0.190ns (53.242%)  route 0.167ns (46.758%))
  Logic Levels:           1  (LUT2=1)
  Clock Path Skew:        0.032ns (DCD - SCD - CPR)
    Destination Clock Delay (DCD):    2.008ns
    Source Clock Delay      (SCD):    1.495ns
    Clock Pessimism Removal (CPR):    0.481ns

    Location             Delay type                Incr(ns)  Path(ns)    Netlist Resource(s)
  -------------------------------------------------------------------    -------------------
                         (clock sys_clk_pin rise edge)
                                                      0.000     0.000 r  
    K17                                               0.000     0.000 r  sysclk (IN)
                         net (fo=0)                   0.000     0.000    sysclk
    K17                  IBUF (Prop_ibuf_I_O)         0.259     0.259 r  sysclk_IBUF_inst/O
                         net (fo=1, routed)           0.627     0.887    sysclk_IBUF
    BUFGCTRL_X0Y16       BUFG (Prop_bufg_I_O)         0.026     0.913 r  sysclk_IBUF_BUFG_inst/O
                         net (fo=260, routed)         0.583     1.495    U_GAME_LOGIC/U_DIS/CLK
    SLICE_X41Y66         FDRE                                         r  U_GAME_LOGIC/U_DIS/phase_reg/C
  -------------------------------------------------------------------    -------------------
    SLICE_X41Y66         FDRE (Prop_fdre_C_Q)         0.141     1.636 f  U_GAME_LOGIC/U_DIS/phase_reg/Q
                         net (fo=7, routed)           0.167     1.803    U_SEQ_MEM/phase
    SLICE_X39Y66         LUT2 (Prop_lut2_I1_O)        0.049     1.852 r  U_SEQ_MEM/led[1]_i_1__0/O
                         net (fo=1, routed)           0.000     1.852    U_GAME_LOGIC/U_DIS/led_reg[3]_1[1]
    SLICE_X39Y66         FDRE                                         r  U_GAME_LOGIC/U_DIS/led_reg[1]/D
  -------------------------------------------------------------------    -------------------

                         (clock sys_clk_pin rise edge)
                                                      0.000     0.000 r  
    K17                                               0.000     0.000 r  sysclk (IN)
                         net (fo=0)                   0.000     0.000    sysclk
    K17                  IBUF (Prop_ibuf_I_O)         0.447     0.447 r  sysclk_IBUF_inst/O
                         net (fo=1, routed)           0.683     1.130    sysclk_IBUF
    BUFGCTRL_X0Y16       BUFG (Prop_bufg_I_O)         0.029     1.159 r  sysclk_IBUF_BUFG_inst/O
                         net (fo=260, routed)         0.849     2.008    U_GAME_LOGIC/U_DIS/CLK
    SLICE_X39Y66         FDRE                                         r  U_GAME_LOGIC/U_DIS/led_reg[1]/C
                         clock pessimism             -0.481     1.527    
    SLICE_X39Y66         FDRE (Hold_fdre_C_D)         0.107     1.634    U_GAME_LOGIC/U_DIS/led_reg[1]
  -------------------------------------------------------------------
                         required time                         -1.634    
                         arrival time                           1.852    
  -------------------------------------------------------------------
                         slack                                  0.218    

Slack (MET) :             0.220ns  (arrival time - required time)
  Source:                 U_GAME_LOGIC/U_INPUT/sync2_reg[1]/C
                            (rising edge-triggered cell FDRE clocked by sys_clk_pin  {rise@0.000ns fall@4.000ns period=8.000ns})
  Destination:            U_GAME_LOGIC/U_INPUT/btn_debounced_reg[1]/D
                            (rising edge-triggered cell FDRE clocked by sys_clk_pin  {rise@0.000ns fall@4.000ns period=8.000ns})
  Path Group:             sys_clk_pin
  Path Type:              Hold (Min at Fast Process Corner)
  Requirement:            0.000ns  (sys_clk_pin rise@0.000ns - sys_clk_pin rise@0.000ns)
  Data Path Delay:        0.286ns  (logic 0.164ns (57.315%)  route 0.122ns (42.685%))
  Logic Levels:           0  
  Clock Path Skew:        0.014ns (DCD - SCD - CPR)
    Destination Clock Delay (DCD):    2.012ns
    Source Clock Delay      (SCD):    1.497ns
    Clock Pessimism Removal (CPR):    0.501ns

    Location             Delay type                Incr(ns)  Path(ns)    Netlist Resource(s)
  -------------------------------------------------------------------    -------------------
                         (clock sys_clk_pin rise edge)
                                                      0.000     0.000 r  
    K17                                               0.000     0.000 r  sysclk (IN)
                         net (fo=0)                   0.000     0.000    sysclk
    K17                  IBUF (Prop_ibuf_I_O)         0.259     0.259 r  sysclk_IBUF_inst/O
                         net (fo=1, routed)           0.627     0.887    sysclk_IBUF
    BUFGCTRL_X0Y16       BUFG (Prop_bufg_I_O)         0.026     0.913 r  sysclk_IBUF_BUFG_inst/O
                         net (fo=260, routed)         0.585     1.497    U_GAME_LOGIC/U_INPUT/CLK
    SLICE_X42Y62         FDRE                                         r  U_GAME_LOGIC/U_INPUT/sync2_reg[1]/C
  -------------------------------------------------------------------    -------------------
    SLICE_X42Y62         FDRE (Prop_fdre_C_Q)         0.164     1.661 r  U_GAME_LOGIC/U_INPUT/sync2_reg[1]/Q
                         net (fo=2, routed)           0.122     1.783    U_GAME_LOGIC/U_INPUT/sync2[1]
    SLICE_X42Y63         FDRE                                         r  U_GAME_LOGIC/U_INPUT/btn_debounced_reg[1]/D
  -------------------------------------------------------------------    -------------------

                         (clock sys_clk_pin rise edge)
                                                      0.000     0.000 r  
    K17                                               0.000     0.000 r  sysclk (IN)
                         net (fo=0)                   0.000     0.000    sysclk
    K17                  IBUF (Prop_ibuf_I_O)         0.447     0.447 r  sysclk_IBUF_inst/O
                         net (fo=1, routed)           0.683     1.130    sysclk_IBUF
    BUFGCTRL_X0Y16       BUFG (Prop_bufg_I_O)         0.029     1.159 r  sysclk_IBUF_BUFG_inst/O
                         net (fo=260, routed)         0.853     2.012    U_GAME_LOGIC/U_INPUT/CLK
    SLICE_X42Y63         FDRE                                         r  U_GAME_LOGIC/U_INPUT/btn_debounced_reg[1]/C
                         clock pessimism             -0.501     1.511    
    SLICE_X42Y63         FDRE (Hold_fdre_C_D)         0.052     1.563    U_GAME_LOGIC/U_INPUT/btn_debounced_reg[1]
  -------------------------------------------------------------------
                         required time                         -1.563    
                         arrival time                           1.783    
  -------------------------------------------------------------------
                         slack                                  0.220    

Slack (MET) :             0.221ns  (arrival time - required time)
  Source:                 U_GAME_LOGIC/U_INPUT/btn_debounced_reg[2]/C
                            (rising edge-triggered cell FDRE clocked by sys_clk_pin  {rise@0.000ns fall@4.000ns period=8.000ns})
  Destination:            U_GAME_LOGIC/U_INPUT/btn_prev_reg[2]/D
                            (rising edge-triggered cell FDRE clocked by sys_clk_pin  {rise@0.000ns fall@4.000ns period=8.000ns})
  Path Group:             sys_clk_pin
  Path Type:              Hold (Min at Fast Process Corner)
  Requirement:            0.000ns  (sys_clk_pin rise@0.000ns - sys_clk_pin rise@0.000ns)
  Data Path Delay:        0.299ns  (logic 0.164ns (54.831%)  route 0.135ns (45.169%))
  Logic Levels:           0  
  Clock Path Skew:        0.015ns (DCD - SCD - CPR)
    Destination Clock Delay (DCD):    2.012ns
    Source Clock Delay      (SCD):    1.496ns
    Clock Pessimism Removal (CPR):    0.501ns

    Location             Delay type                Incr(ns)  Path(ns)    Netlist Resource(s)
  -------------------------------------------------------------------    -------------------
                         (clock sys_clk_pin rise edge)
                                                      0.000     0.000 r  
    K17                                               0.000     0.000 r  sysclk (IN)
                         net (fo=0)                   0.000     0.000    sysclk
    K17                  IBUF (Prop_ibuf_I_O)         0.259     0.259 r  sysclk_IBUF_inst/O
                         net (fo=1, routed)           0.627     0.887    sysclk_IBUF
    BUFGCTRL_X0Y16       BUFG (Prop_bufg_I_O)         0.026     0.913 r  sysclk_IBUF_BUFG_inst/O
                         net (fo=260, routed)         0.584     1.496    U_GAME_LOGIC/U_INPUT/CLK
    SLICE_X42Y63         FDRE                                         r  U_GAME_LOGIC/U_INPUT/btn_debounced_reg[2]/C
  -------------------------------------------------------------------    -------------------
    SLICE_X42Y63         FDRE (Prop_fdre_C_Q)         0.164     1.660 r  U_GAME_LOGIC/U_INPUT/btn_debounced_reg[2]/Q
                         net (fo=5, routed)           0.135     1.795    U_GAME_LOGIC/U_INPUT/btn_debounced_reg_n_0_[2]
    SLICE_X42Y64         FDRE                                         r  U_GAME_LOGIC/U_INPUT/btn_prev_reg[2]/D
  -------------------------------------------------------------------    -------------------

                         (clock sys_clk_pin rise edge)
                                                      0.000     0.000 r  
    K17                                               0.000     0.000 r  sysclk (IN)
                         net (fo=0)                   0.000     0.000    sysclk
    K17                  IBUF (Prop_ibuf_I_O)         0.447     0.447 r  sysclk_IBUF_inst/O
                         net (fo=1, routed)           0.683     1.130    sysclk_IBUF
    BUFGCTRL_X0Y16       BUFG (Prop_bufg_I_O)         0.029     1.159 r  sysclk_IBUF_BUFG_inst/O
                         net (fo=260, routed)         0.853     2.012    U_GAME_LOGIC/U_INPUT/CLK
    SLICE_X42Y64         FDRE                                         r  U_GAME_LOGIC/U_INPUT/btn_prev_reg[2]/C
                         clock pessimism             -0.501     1.511    
    SLICE_X42Y64         FDRE (Hold_fdre_C_D)         0.063     1.574    U_GAME_LOGIC/U_INPUT/btn_prev_reg[2]
  -------------------------------------------------------------------
                         required time                         -1.574    
                         arrival time                           1.795    
  -------------------------------------------------------------------
                         slack                                  0.221    

Slack (MET) :             0.223ns  (arrival time - required time)
  Source:                 U_GAME_LOGIC/U_INPUT/btn_debounced_reg[0]/C
                            (rising edge-triggered cell FDRE clocked by sys_clk_pin  {rise@0.000ns fall@4.000ns period=8.000ns})
  Destination:            U_GAME_LOGIC/U_INPUT/btn_valid_reg/D
                            (rising edge-triggered cell FDRE clocked by sys_clk_pin  {rise@0.000ns fall@4.000ns period=8.000ns})
  Path Group:             sys_clk_pin
  Path Type:              Hold (Min at Fast Process Corner)
  Requirement:            0.000ns  (sys_clk_pin rise@0.000ns - sys_clk_pin rise@0.000ns)
  Data Path Delay:        0.327ns  (logic 0.209ns (64.004%)  route 0.118ns (35.996%))
  Logic Levels:           1  (LUT6=1)
  Clock Path Skew:        0.013ns (DCD - SCD - CPR)
    Destination Clock Delay (DCD):    2.012ns
    Source Clock Delay      (SCD):    1.496ns
    Clock Pessimism Removal (CPR):    0.503ns

    Location             Delay type                Incr(ns)  Path(ns)    Netlist Resource(s)
  -------------------------------------------------------------------    -------------------
                         (clock sys_clk_pin rise edge)
                                                      0.000     0.000 r  
    K17                                               0.000     0.000 r  sysclk (IN)
                         net (fo=0)                   0.000     0.000    sysclk
    K17                  IBUF (Prop_ibuf_I_O)         0.259     0.259 r  sysclk_IBUF_inst/O
                         net (fo=1, routed)           0.627     0.887    sysclk_IBUF
    BUFGCTRL_X0Y16       BUFG (Prop_bufg_I_O)         0.026     0.913 r  sysclk_IBUF_BUFG_inst/O
                         net (fo=260, routed)         0.584     1.496    U_GAME_LOGIC/U_INPUT/CLK
    SLICE_X42Y63         FDRE                                         r  U_GAME_LOGIC/U_INPUT/btn_debounced_reg[0]/C
  -------------------------------------------------------------------    -------------------
    SLICE_X42Y63         FDRE (Prop_fdre_C_Q)         0.164     1.660 r  U_GAME_LOGIC/U_INPUT/btn_debounced_reg[0]/Q
                         net (fo=5, routed)           0.118     1.778    U_GAME_LOGIC/U_INPUT/btn_debounced_reg_n_0_[0]
    SLICE_X43Y63         LUT6 (Prop_lut6_I3_O)        0.045     1.823 r  U_GAME_LOGIC/U_INPUT/btn_valid_i_1/O
                         net (fo=1, routed)           0.000     1.823    U_GAME_LOGIC/U_INPUT/btn_valid_i_1_n_0
    SLICE_X43Y63         FDRE                                         r  U_GAME_LOGIC/U_INPUT/btn_valid_reg/D
  -------------------------------------------------------------------    -------------------

                         (clock sys_clk_pin rise edge)
                                                      0.000     0.000 r  
    K17                                               0.000     0.000 r  sysclk (IN)
                         net (fo=0)                   0.000     0.000    sysclk
    K17                  IBUF (Prop_ibuf_I_O)         0.447     0.447 r  sysclk_IBUF_inst/O
                         net (fo=1, routed)           0.683     1.130    sysclk_IBUF
    BUFGCTRL_X0Y16       BUFG (Prop_bufg_I_O)         0.029     1.159 r  sysclk_IBUF_BUFG_inst/O
                         net (fo=260, routed)         0.853     2.012    U_GAME_LOGIC/U_INPUT/CLK
    SLICE_X43Y63         FDRE                                         r  U_GAME_LOGIC/U_INPUT/btn_valid_reg/C
                         clock pessimism             -0.503     1.509    
    SLICE_X43Y63         FDRE (Hold_fdre_C_D)         0.091     1.600    U_GAME_LOGIC/U_INPUT/btn_valid_reg
  -------------------------------------------------------------------
                         required time                         -1.600    
                         arrival time                           1.823    
  -------------------------------------------------------------------
                         slack                                  0.223    

Slack (MET) :             0.224ns  (arrival time - required time)
  Source:                 U_GAME_LOGIC/U_TIMER/count_reg[1]/C
                            (rising edge-triggered cell FDRE clocked by sys_clk_pin  {rise@0.000ns fall@4.000ns period=8.000ns})
  Destination:            U_GAME_LOGIC/U_TIMER/count_reg[5]/D
                            (rising edge-triggered cell FDRE clocked by sys_clk_pin  {rise@0.000ns fall@4.000ns period=8.000ns})
  Path Group:             sys_clk_pin
  Path Type:              Hold (Min at Fast Process Corner)
  Requirement:            0.000ns  (sys_clk_pin rise@0.000ns - sys_clk_pin rise@0.000ns)
  Data Path Delay:        0.331ns  (logic 0.186ns (56.132%)  route 0.145ns (43.868%))
  Logic Levels:           1  (LUT6=1)
  Clock Path Skew:        0.015ns (DCD - SCD - CPR)
    Destination Clock Delay (DCD):    2.012ns
    Source Clock Delay      (SCD):    1.496ns
    Clock Pessimism Removal (CPR):    0.501ns

    Location             Delay type                Incr(ns)  Path(ns)    Netlist Resource(s)
  -------------------------------------------------------------------    -------------------
                         (clock sys_clk_pin rise edge)
                                                      0.000     0.000 r  
    K17                                               0.000     0.000 r  sysclk (IN)
                         net (fo=0)                   0.000     0.000    sysclk
    K17                  IBUF (Prop_ibuf_I_O)         0.259     0.259 r  sysclk_IBUF_inst/O
                         net (fo=1, routed)           0.627     0.887    sysclk_IBUF
    BUFGCTRL_X0Y16       BUFG (Prop_bufg_I_O)         0.026     0.913 r  sysclk_IBUF_BUFG_inst/O
                         net (fo=260, routed)         0.584     1.496    U_GAME_LOGIC/U_TIMER/CLK
    SLICE_X43Y64         FDRE                                         r  U_GAME_LOGIC/U_TIMER/count_reg[1]/C
  -------------------------------------------------------------------    -------------------
    SLICE_X43Y64         FDRE (Prop_fdre_C_Q)         0.141     1.637 r  U_GAME_LOGIC/U_TIMER/count_reg[1]/Q
                         net (fo=12, routed)          0.145     1.783    U_GAME_LOGIC/U_TIMER/count_reg[1]
    SLICE_X41Y64         LUT6 (Prop_lut6_I1_O)        0.045     1.828 r  U_GAME_LOGIC/U_TIMER/count[5]_i_1/O
                         net (fo=1, routed)           0.000     1.828    U_GAME_LOGIC/U_TIMER/p_0_in__0[5]
    SLICE_X41Y64         FDRE                                         r  U_GAME_LOGIC/U_TIMER/count_reg[5]/D
  -------------------------------------------------------------------    -------------------

                         (clock sys_clk_pin rise edge)
                                                      0.000     0.000 r  
    K17                                               0.000     0.000 r  sysclk (IN)
                         net (fo=0)                   0.000     0.000    sysclk
    K17                  IBUF (Prop_ibuf_I_O)         0.447     0.447 r  sysclk_IBUF_inst/O
                         net (fo=1, routed)           0.683     1.130    sysclk_IBUF
    BUFGCTRL_X0Y16       BUFG (Prop_bufg_I_O)         0.029     1.159 r  sysclk_IBUF_BUFG_inst/O
                         net (fo=260, routed)         0.853     2.012    U_GAME_LOGIC/U_TIMER/CLK
    SLICE_X41Y64         FDRE                                         r  U_GAME_LOGIC/U_TIMER/count_reg[5]/C
                         clock pessimism             -0.501     1.511    
    SLICE_X41Y64         FDRE (Hold_fdre_C_D)         0.092     1.603    U_GAME_LOGIC/U_TIMER/count_reg[5]
  -------------------------------------------------------------------
                         required time                         -1.603    
                         arrival time                           1.828    
  -------------------------------------------------------------------
                         slack                                  0.224    

Slack (MET) :             0.229ns  (arrival time - required time)
  Source:                 U_GAME_LOGIC/U_DIS/phase_reg/C
                            (rising edge-triggered cell FDRE clocked by sys_clk_pin  {rise@0.000ns fall@4.000ns period=8.000ns})
  Destination:            U_GAME_LOGIC/U_DIS/led_reg[0]/D
                            (rising edge-triggered cell FDRE clocked by sys_clk_pin  {rise@0.000ns fall@4.000ns period=8.000ns})
  Path Group:             sys_clk_pin
  Path Type:              Hold (Min at Fast Process Corner)
  Requirement:            0.000ns  (sys_clk_pin rise@0.000ns - sys_clk_pin rise@0.000ns)
  Data Path Delay:        0.353ns  (logic 0.186ns (52.712%)  route 0.167ns (47.288%))
  Logic Levels:           1  (LUT2=1)
  Clock Path Skew:        0.032ns (DCD - SCD - CPR)
    Destination Clock Delay (DCD):    2.008ns
    Source Clock Delay      (SCD):    1.495ns
    Clock Pessimism Removal (CPR):    0.481ns

    Location             Delay type                Incr(ns)  Path(ns)    Netlist Resource(s)
  -------------------------------------------------------------------    -------------------
                         (clock sys_clk_pin rise edge)
                                                      0.000     0.000 r  
    K17                                               0.000     0.000 r  sysclk (IN)
                         net (fo=0)                   0.000     0.000    sysclk
    K17                  IBUF (Prop_ibuf_I_O)         0.259     0.259 r  sysclk_IBUF_inst/O
                         net (fo=1, routed)           0.627     0.887    sysclk_IBUF
    BUFGCTRL_X0Y16       BUFG (Prop_bufg_I_O)         0.026     0.913 r  sysclk_IBUF_BUFG_inst/O
                         net (fo=260, routed)         0.583     1.495    U_GAME_LOGIC/U_DIS/CLK
    SLICE_X41Y66         FDRE                                         r  U_GAME_LOGIC/U_DIS/phase_reg/C
  -------------------------------------------------------------------    -------------------
    SLICE_X41Y66         FDRE (Prop_fdre_C_Q)         0.141     1.636 f  U_GAME_LOGIC/U_DIS/phase_reg/Q
                         net (fo=7, routed)           0.167     1.803    U_SEQ_MEM/phase
    SLICE_X39Y66         LUT2 (Prop_lut2_I1_O)        0.045     1.848 r  U_SEQ_MEM/led[0]_i_1/O
                         net (fo=1, routed)           0.000     1.848    U_GAME_LOGIC/U_DIS/led_reg[3]_1[0]
    SLICE_X39Y66         FDRE                                         r  U_GAME_LOGIC/U_DIS/led_reg[0]/D
  -------------------------------------------------------------------    -------------------

                         (clock sys_clk_pin rise edge)
                                                      0.000     0.000 r  
    K17                                               0.000     0.000 r  sysclk (IN)
                         net (fo=0)                   0.000     0.000    sysclk
    K17                  IBUF (Prop_ibuf_I_O)         0.447     0.447 r  sysclk_IBUF_inst/O
                         net (fo=1, routed)           0.683     1.130    sysclk_IBUF
    BUFGCTRL_X0Y16       BUFG (Prop_bufg_I_O)         0.029     1.159 r  sysclk_IBUF_BUFG_inst/O
                         net (fo=260, routed)         0.849     2.008    U_GAME_LOGIC/U_DIS/CLK
    SLICE_X39Y66         FDRE                                         r  U_GAME_LOGIC/U_DIS/led_reg[0]/C
                         clock pessimism             -0.481     1.527    
    SLICE_X39Y66         FDRE (Hold_fdre_C_D)         0.092     1.619    U_GAME_LOGIC/U_DIS/led_reg[0]
  -------------------------------------------------------------------
                         required time                         -1.619    
                         arrival time                           1.848    
  -------------------------------------------------------------------
                         slack                                  0.229    





Pulse Width Checks
--------------------------------------------------------------------------------------
Clock Name:         sys_clk_pin
Waveform(ns):       { 0.000 4.000 }
Period(ns):         8.000
Sources:            { sysclk }

Check Type        Corner  Lib Pin  Reference Pin  Required(ns)  Actual(ns)  Slack(ns)  Location        Pin
Min Period        n/a     BUFG/I   n/a            2.155         8.000       5.845      BUFGCTRL_X0Y16  sysclk_IBUF_BUFG_inst/I
Min Period        n/a     FDRE/C   n/a            1.000         8.000       7.000      SLICE_X40Y69    U_GAME_CORE/U_GCLK_SEL/counter_reg[0]/C
Min Period        n/a     FDRE/C   n/a            1.000         8.000       7.000      SLICE_X40Y71    U_GAME_CORE/U_GCLK_SEL/counter_reg[10]/C
Min Period        n/a     FDRE/C   n/a            1.000         8.000       7.000      SLICE_X40Y71    U_GAME_CORE/U_GCLK_SEL/counter_reg[11]/C
Min Period        n/a     FDRE/C   n/a            1.000         8.000       7.000      SLICE_X40Y72    U_GAME_CORE/U_GCLK_SEL/counter_reg[12]/C
Min Period        n/a     FDRE/C   n/a            1.000         8.000       7.000      SLICE_X40Y73    U_GAME_CORE/U_GCLK_SEL/counter_reg[19]/C
Min Period        n/a     FDRE/C   n/a            1.000         8.000       7.000      SLICE_X40Y69    U_GAME_CORE/U_GCLK_SEL/counter_reg[1]/C
Min Period        n/a     FDRE/C   n/a            1.000         8.000       7.000      SLICE_X40Y74    U_GAME_CORE/U_GCLK_SEL/counter_reg[20]/C
Min Period        n/a     FDRE/C   n/a            1.000         8.000       7.000      SLICE_X40Y74    U_GAME_CORE/U_GCLK_SEL/counter_reg[21]/C
Min Period        n/a     FDRE/C   n/a            1.000         8.000       7.000      SLICE_X40Y74    U_GAME_CORE/U_GCLK_SEL/counter_reg[22]/C
Low Pulse Width   Fast    FDRE/C   n/a            0.500         4.000       3.500      SLICE_X42Y67    U_GAME_LOGIC/U_CMP/lose_reg_reg/C
Low Pulse Width   Fast    FDRE/C   n/a            0.500         4.000       3.500      SLICE_X42Y67    U_GAME_LOGIC/U_CMP/win_reg_reg/C
Low Pulse Width   Fast    FDRE/C   n/a            0.500         4.000       3.500      SLICE_X39Y64    U_GAME_LOGIC/U_INPUT/btn_out_reg[2]/C
Low Pulse Width   Fast    FDRE/C   n/a            0.500         4.000       3.500      SLICE_X39Y64    U_GAME_LOGIC/U_INPUT/btn_out_reg[3]/C
Low Pulse Width   Fast    FDRE/C   n/a            0.500         4.000       3.500      SLICE_X43Y67    U_GAME_LOGIC/U_INPUT/sync1_reg[0]/C
Low Pulse Width   Fast    FDRE/C   n/a            0.500         4.000       3.500      SLICE_X43Y67    U_GAME_LOGIC/U_INPUT/sync2_reg[0]/C
Low Pulse Width   Fast    FDRE/C   n/a            0.500         4.000       3.500      SLICE_X43Y67    U_GAME_LOGIC/U_TIMER/led_reg[0]/C
Low Pulse Width   Fast    FDRE/C   n/a            0.500         4.000       3.500      SLICE_X43Y67    U_GAME_LOGIC/U_TIMER/led_reg[1]/C
Low Pulse Width   Fast    FDRE/C   n/a            0.500         4.000       3.500      SLICE_X43Y67    U_GAME_LOGIC/U_TIMER/led_reg[2]/C
Low Pulse Width   Fast    FDRE/C   n/a            0.500         4.000       3.500      SLICE_X43Y67    U_GAME_LOGIC/U_TIMER/led_reg[3]/C
High Pulse Width  Slow    FDRE/C   n/a            0.500         4.000       3.500      SLICE_X40Y69    U_GAME_CORE/U_GCLK_SEL/counter_reg[0]/C
High Pulse Width  Fast    FDRE/C   n/a            0.500         4.000       3.500      SLICE_X40Y69    U_GAME_CORE/U_GCLK_SEL/counter_reg[0]/C
High Pulse Width  Slow    FDRE/C   n/a            0.500         4.000       3.500      SLICE_X40Y71    U_GAME_CORE/U_GCLK_SEL/counter_reg[10]/C
High Pulse Width  Slow    FDRE/C   n/a            0.500         4.000       3.500      SLICE_X40Y71    U_GAME_CORE/U_GCLK_SEL/counter_reg[11]/C
High Pulse Width  Fast    FDRE/C   n/a            0.500         4.000       3.500      SLICE_X40Y73    U_GAME_CORE/U_GCLK_SEL/counter_reg[19]/C
High Pulse Width  Slow    FDRE/C   n/a            0.500         4.000       3.500      SLICE_X40Y69    U_GAME_CORE/U_GCLK_SEL/counter_reg[1]/C
High Pulse Width  Fast    FDRE/C   n/a            0.500         4.000       3.500      SLICE_X40Y69    U_GAME_CORE/U_GCLK_SEL/counter_reg[1]/C
High Pulse Width  Fast    FDRE/C   n/a            0.500         4.000       3.500      SLICE_X40Y76    U_GAME_CORE/U_GCLK_SEL/counter_reg[28]/C
High Pulse Width  Slow    FDRE/C   n/a            0.500         4.000       3.500      SLICE_X40Y70    U_GAME_CORE/U_GCLK_SEL/counter_reg[4]/C
High Pulse Width  Fast    FDRE/C   n/a            0.500         4.000       3.500      SLICE_X40Y70    U_GAME_CORE/U_GCLK_SEL/counter_reg[4]/C



