#-----------------------------------------------------------
# Vivado v2020.1 (64-bit)
# SW Build 2902540 on Wed May 27 19:54:49 MDT 2020
# IP Build 2902112 on Wed May 27 22:43:36 MDT 2020
# Start of session at: Tue Aug 25 12:35:57 2026
# Process ID: 28484
# Current directory: C:/SEP y Anal/Proyecto_01_SEP/memorice_proy01
# Command line: vivado.exe -gui_launcher_event rodinguilauncherevent22888 C:\SEP y Anal\Proyecto_01_SEP\memorice_proy01\memorice_proy01.xpr
# Log file: C:/SEP y Anal/Proyecto_01_SEP/memorice_proy01/vivado.log
# Journal file: C:/SEP y Anal/Proyecto_01_SEP/memorice_proy01\vivado.jou
#-----------------------------------------------------------
start_gui
open_project {C:/SEP y Anal/Proyecto_01_SEP/memorice_proy01/memorice_proy01.xpr}
Scanning sources...
Finished scanning sources
INFO: [IP_Flow 19-234] Refreshing IP repositories
INFO: [IP_Flow 19-1704] No user IP repositories specified
INFO: [IP_Flow 19-2313] Loaded Vivado IP repository 'C:/Xilinx/Vivado/2020.1/data/ip'.
update_compile_order -fileset sources_1
exit
INFO: [Common 17-206] Exiting Vivado at Tue Aug 25 12:39:49 2026...
