#-----------------------------------------------------------
# Vivado v2020.1 (64-bit)
# SW Build 2902540 on Wed May 27 19:54:49 MDT 2020
# IP Build 2902112 on Wed May 27 22:43:36 MDT 2020
# Start of session at: Mon Sep 21 09:11:00 2026
# Process ID: 20756
# Current directory: C:/SEP y Anal/Proyecto_01_SEP/memorice_proy01/memorice_proy01
# Command line: vivado.exe -gui_launcher_event rodinguilauncherevent20020 C:\SEP y Anal\Proyecto_01_SEP\memorice_proy01\memorice_proy01\memorice_proy01.xpr
# Log file: C:/SEP y Anal/Proyecto_01_SEP/memorice_proy01/memorice_proy01/vivado.log
# Journal file: C:/SEP y Anal/Proyecto_01_SEP/memorice_proy01/memorice_proy01\vivado.jou
#-----------------------------------------------------------
start_gui
open_project {C:/SEP y Anal/Proyecto_01_SEP/memorice_proy01/memorice_proy01/memorice_proy01.xpr}
INFO: [Project 1-313] Project file moved from 'C:/SEP y Anal/Proyecto_01_SEP/memorice_proy01' since last save.
Scanning sources...
Finished scanning sources
INFO: [filemgmt 56-1] IPUserFilesDir: Directory not found as 'C:/SEP y Anal/Proyecto_01_SEP/memorice_proy01/memorice_proy01/memorice_proy01.ip_user_files'; using path 'C:/SEP y Anal/Proyecto_01_SEP/memorice_proy01/memorice_proy01.ip_user_files' instead.
INFO: [IP_Flow 19-234] Refreshing IP repositories
INFO: [IP_Flow 19-1704] No user IP repositories specified
INFO: [IP_Flow 19-2313] Loaded Vivado IP repository 'C:/Xilinx/Vivado/2020.1/data/ip'.
open_project: Time (s): cpu = 00:00:13 ; elapsed = 00:00:07 . Memory (MB): peak = 1016.668 ; gain = 0.000
update_compile_order -fileset sources_1
close [ open {C:/SEP y Anal/Proyecto_01_SEP/memorice_proy01/memorice_proy01/memorice_proy01.srcs/sources_1/new/rand_sec.vhd} w ]
add_files {{C:/SEP y Anal/Proyecto_01_SEP/memorice_proy01/memorice_proy01/memorice_proy01.srcs/sources_1/new/rand_sec.vhd}}
update_compile_order -fileset sources_1
set_property top rand_sec [current_fileset]
update_compile_order -fileset sources_1
file mkdir C:/SEP y Anal/Proyecto_01_SEP/memorice_proy01/memorice_proy01/memorice_proy01.srcs/constrs_1
file mkdir C:/SEP y Anal/Proyecto_01_SEP/memorice_proy01/memorice_proy01/memorice_proy01.srcs/constrs_1
file mkdir C:/SEP y Anal/Proyecto_01_SEP/memorice_proy01/memorice_proy01/memorice_proy01.srcs/constrs_1/new
file mkdir C:/SEP y Anal/Proyecto_01_SEP/memorice_proy01/memorice_proy01/memorice_proy01.srcs/constrs_1/new
file mkdir C:/SEP y Anal/Proyecto_01_SEP/memorice_proy01/memorice_proy01/memorice_proy01.srcs/constrs_1/new
file mkdir C:/SEP y Anal/Proyecto_01_SEP/memorice_proy01/memorice_proy01/memorice_proy01.srcs/constrs_1/new
file mkdir C:/SEP y Anal/Proyecto_01_SEP/memorice_proy01/memorice_proy01/memorice_proy01.srcs/constrs_1
file mkdir {C:/SEP y Anal/Proyecto_01_SEP/memorice_proy01/memorice_proy01/memorice_proy01.srcs/constrs_1/new}
close [ open {C:/SEP y Anal/Proyecto_01_SEP/memorice_proy01/memorice_proy01/memorice_proy01.srcs/constrs_1/new/zyboZ7.xdc} w ]
add_files -fileset constrs_1 {{C:/SEP y Anal/Proyecto_01_SEP/memorice_proy01/memorice_proy01/memorice_proy01.srcs/constrs_1/new/zyboZ7.xdc}}
export_ip_user_files -of_objects  [get_files {{C:/SEP y Anal/Proyecto_01_SEP/memorice_proy01/memorice_proy01/memorice_proy01.srcs/sources_1/new/top.vhd}}] -no_script -reset -force -quiet
remove_files  {{C:/SEP y Anal/Proyecto_01_SEP/memorice_proy01/memorice_proy01/memorice_proy01.srcs/sources_1/new/top.vhd}}
close [ open {C:/SEP y Anal/Proyecto_01_SEP/memorice_proy01/memorice_proy01/memorice_proy01.srcs/sources_1/new/base_game_clk.vhd} w ]
add_files {{C:/SEP y Anal/Proyecto_01_SEP/memorice_proy01/memorice_proy01/memorice_proy01.srcs/sources_1/new/base_game_clk.vhd}}
update_compile_order -fileset sources_1
export_ip_user_files -of_objects  [get_files {{C:/SEP y Anal/Proyecto_01_SEP/memorice_proy01/memorice_proy01/memorice_proy01.srcs/sources_1/new/base_game_clk.vhd}}] -no_script -reset -force -quiet
remove_files  {{C:/SEP y Anal/Proyecto_01_SEP/memorice_proy01/memorice_proy01/memorice_proy01.srcs/sources_1/new/base_game_clk.vhd}}
close [ open {C:/SEP y Anal/Proyecto_01_SEP/memorice_proy01/memorice_proy01/memorice_proy01.srcs/sources_1/new/gclk_sel.vhd} w ]
add_files {{C:/SEP y Anal/Proyecto_01_SEP/memorice_proy01/memorice_proy01/memorice_proy01.srcs/sources_1/new/gclk_sel.vhd}}
update_compile_order -fileset sources_1
close [ open {C:/SEP y Anal/Proyecto_01_SEP/memorice_proy01/memorice_proy01/memorice_proy01.srcs/sources_1/new/led_driver.vhd} w ]
add_files {{C:/SEP y Anal/Proyecto_01_SEP/memorice_proy01/memorice_proy01/memorice_proy01.srcs/sources_1/new/led_driver.vhd}}
update_compile_order -fileset sources_1
export_ip_user_files -of_objects  [get_files {{C:/SEP y Anal/Proyecto_01_SEP/memorice_proy01/memorice_proy01/memorice_proy01.srcs/constrs_1/new/zyboZ7.xdc}}] -no_script -reset -force -quiet
remove_files  -fileset constrs_1 {{C:/SEP y Anal/Proyecto_01_SEP/memorice_proy01/memorice_proy01/memorice_proy01.srcs/constrs_1/new/zyboZ7.xdc}}
close [ open {C:/SEP y Anal/Proyecto_01_SEP/memorice_proy01/memorice_proy01/memorice_proy01.srcs/constrs_1/new/Zybo-Z7-Master.xdc} w ]
add_files -fileset constrs_1 {{C:/SEP y Anal/Proyecto_01_SEP/memorice_proy01/memorice_proy01/memorice_proy01.srcs/constrs_1/new/Zybo-Z7-Master.xdc}}
close [ open {C:/SEP y Anal/Proyecto_01_SEP/memorice_proy01/memorice_proy01/memorice_proy01.srcs/sources_1/new/rand_led.vhd} w ]
add_files {{C:/SEP y Anal/Proyecto_01_SEP/memorice_proy01/memorice_proy01/memorice_proy01.srcs/sources_1/new/rand_led.vhd}}
update_compile_order -fileset sources_1
launch_runs synth_1 -jobs 8
[Mon Sep 21 14:58:43 2026] Launched synth_1...
Run output will be captured here: C:/SEP y Anal/Proyecto_01_SEP/memorice_proy01/memorice_proy01/memorice_proy01.runs/synth_1/runme.log
set_property top rand_led [current_fileset]
update_compile_order -fileset sources_1
reset_run synth_1
launch_runs synth_1 -jobs 8
[Mon Sep 21 15:01:08 2026] Launched synth_1...
Run output will be captured here: C:/SEP y Anal/Proyecto_01_SEP/memorice_proy01/memorice_proy01/memorice_proy01.runs/synth_1/runme.log
reset_run synth_1
WARNING: [Vivado 12-1017] Problems encountered:
1. Failed to delete one or more files in run directory C:/SEP y Anal/Proyecto_01_SEP/memorice_proy01/memorice_proy01/memorice_proy01.runs/synth_1

launch_runs synth_1 -jobs 8
[Mon Sep 21 15:03:40 2026] Launched synth_1...
Run output will be captured here: C:/SEP y Anal/Proyecto_01_SEP/memorice_proy01/memorice_proy01/memorice_proy01.runs/synth_1/runme.log
reset_run synth_1
launch_runs synth_1 -jobs 8
[Mon Sep 21 15:10:18 2026] Launched synth_1...
Run output will be captured here: C:/SEP y Anal/Proyecto_01_SEP/memorice_proy01/memorice_proy01/memorice_proy01.runs/synth_1/runme.log
reset_run synth_1
launch_runs synth_1 -jobs 8
[Mon Sep 21 16:49:13 2026] Launched synth_1...
Run output will be captured here: C:/SEP y Anal/Proyecto_01_SEP/memorice_proy01/memorice_proy01/memorice_proy01.runs/synth_1/runme.log
reset_run synth_1
WARNING: [Vivado 12-1017] Problems encountered:
1. Failed to delete one or more files in run directory C:/SEP y Anal/Proyecto_01_SEP/memorice_proy01/memorice_proy01/memorice_proy01.runs/synth_1

launch_runs synth_1 -jobs 8
[Mon Sep 21 16:53:27 2026] Launched synth_1...
Run output will be captured here: C:/SEP y Anal/Proyecto_01_SEP/memorice_proy01/memorice_proy01/memorice_proy01.runs/synth_1/runme.log
launch_runs impl_1 -jobs 8
[Mon Sep 21 16:54:31 2026] Launched impl_1...
Run output will be captured here: C:/SEP y Anal/Proyecto_01_SEP/memorice_proy01/memorice_proy01/memorice_proy01.runs/impl_1/runme.log
open_run impl_1
INFO: [Device 21-403] Loading part xc7z010clg400-1
Netlist sorting complete. Time (s): cpu = 00:00:00 ; elapsed = 00:00:00 . Memory (MB): peak = 1318.121 ; gain = 0.000
INFO: [Project 1-479] Netlist was created with Vivado 2020.1
INFO: [Project 1-570] Preparing netlist for logic optimization
INFO: [Timing 38-478] Restoring timing data from binary archive.
INFO: [Timing 38-479] Binary timing data restore complete.
INFO: [Project 1-856] Restoring constraints from binary archive.
INFO: [Project 1-853] Binary constraint restore complete.
Reading XDEF placement.
Reading placer database...
Reading XDEF routing.
Read XDEF File: Time (s): cpu = 00:00:00 ; elapsed = 00:00:00.055 . Memory (MB): peak = 1875.785 ; gain = 0.000
Restored from archive | CPU: 0.000000 secs | Memory: 0.000000 MB |
Finished XDEF File Restore: Time (s): cpu = 00:00:00 ; elapsed = 00:00:00.056 . Memory (MB): peak = 1875.785 ; gain = 0.000
Netlist sorting complete. Time (s): cpu = 00:00:00 ; elapsed = 00:00:00 . Memory (MB): peak = 1875.785 ; gain = 0.000
INFO: [Project 1-111] Unisim Transformation Summary:
No Unisim elements were transformed.

open_run: Time (s): cpu = 00:00:32 ; elapsed = 00:00:24 . Memory (MB): peak = 2025.504 ; gain = 952.555
launch_runs impl_1 -to_step write_bitstream -jobs 8
[Mon Sep 21 16:56:51 2026] Launched impl_1...
Run output will be captured here: C:/SEP y Anal/Proyecto_01_SEP/memorice_proy01/memorice_proy01/memorice_proy01.runs/impl_1/runme.log
update_compile_order -fileset sources_1
reset_run synth_1
WARNING: [Vivado 12-1017] Problems encountered:
1. Failed to delete one or more files in run directory C:/SEP y Anal/Proyecto_01_SEP/memorice_proy01/memorice_proy01/memorice_proy01.runs/synth_1

launch_runs synth_1 -jobs 8
CRITICAL WARNING: [HDL 9-806] Syntax error near "if". [C:/SEP y Anal/Proyecto_01_SEP/memorice_proy01/memorice_proy01/memorice_proy01.srcs/sources_1/new/gclk_sel.vhd:22]
CRITICAL WARNING: [HDL 9-806] Syntax error near "if". [C:/SEP y Anal/Proyecto_01_SEP/memorice_proy01/memorice_proy01/memorice_proy01.srcs/sources_1/new/gclk_sel.vhd:28]
[Mon Sep 21 17:27:25 2026] Launched synth_1...
Run output will be captured here: C:/SEP y Anal/Proyecto_01_SEP/memorice_proy01/memorice_proy01/memorice_proy01.runs/synth_1/runme.log
update_compile_order -fileset sources_1
reset_run synth_1
WARNING: [Vivado 12-1017] Problems encountered:
1. Failed to delete one or more files in run directory C:/SEP y Anal/Proyecto_01_SEP/memorice_proy01/memorice_proy01/memorice_proy01.runs/synth_1

launch_runs synth_1 -jobs 8
[Mon Sep 21 17:33:34 2026] Launched synth_1...
Run output will be captured here: C:/SEP y Anal/Proyecto_01_SEP/memorice_proy01/memorice_proy01/memorice_proy01.runs/synth_1/runme.log
launch_runs impl_1 -jobs 8
[Mon Sep 21 17:34:29 2026] Launched impl_1...
Run output will be captured here: C:/SEP y Anal/Proyecto_01_SEP/memorice_proy01/memorice_proy01/memorice_proy01.runs/impl_1/runme.log
launch_runs impl_1 -to_step write_bitstream -jobs 8
[Mon Sep 21 17:35:38 2026] Launched impl_1...
Run output will be captured here: C:/SEP y Anal/Proyecto_01_SEP/memorice_proy01/memorice_proy01/memorice_proy01.runs/impl_1/runme.log
open_hw_manager
connect_hw_server -allow_non_jtag
INFO: [Labtools 27-2285] Connecting to hw_server url TCP:localhost:3121
INFO: [Labtools 27-2222] Launching hw_server...
INFO: [Labtools 27-2221] Launch Output:

****** Xilinx hw_server v2020.1
  **** Build date : May 27 2020 at 20:24:38
    ** Copyright 1986-2020 Xilinx, Inc. All Rights Reserved.


INFO: [Labtools 27-3415] Connecting to cs_server url TCP:localhost:3042
INFO: [Labtools 27-3417] Launching cs_server...
INFO: [Labtools 27-2221] Launch Output:


****** Xilinx cs_server v2020.1.0
  **** Build date : May 13 2020-21:10:29
    ** Copyright 2017-2020 Xilinx, Inc. All Rights Reserved.



connect_hw_server: Time (s): cpu = 00:00:02 ; elapsed = 00:00:11 . Memory (MB): peak = 2025.504 ; gain = 0.000
open_hw_target
INFO: [Labtoolstcl 44-466] Opening hw_target localhost:3121/xilinx_tcf/Digilent/210351B3FC05A
open_hw_target: Time (s): cpu = 00:00:07 ; elapsed = 00:00:10 . Memory (MB): peak = 3295.301 ; gain = 1269.797
set_property PROGRAM.FILE {C:/SEP y Anal/Proyecto_01_SEP/memorice_proy01/memorice_proy01/memorice_proy01.runs/impl_1/rand_led.bit} [get_hw_devices xc7z010_1]
current_hw_device [get_hw_devices xc7z010_1]
refresh_hw_device -update_hw_probes false [lindex [get_hw_devices xc7z010_1] 0]
INFO: [Labtools 27-2302] Device xc7z010 (JTAG device index = 1) is programmed with a design that has 1 ILA core(s).
INFO: [Labtools 27-2302] Device xc7z010 (JTAG device index = 1) is programmed with a design that has 1 VIO core(s).
set_property PROBES.FILE {} [get_hw_devices xc7z010_1]
set_property FULL_PROBES.FILE {} [get_hw_devices xc7z010_1]
set_property PROGRAM.FILE {C:/SEP y Anal/Proyecto_01_SEP/memorice_proy01/memorice_proy01/memorice_proy01.runs/impl_1/rand_led.bit} [get_hw_devices xc7z010_1]
program_hw_devices [get_hw_devices xc7z010_1]
INFO: [Labtools 27-3164] End of startup status: HIGH
refresh_hw_device [lindex [get_hw_devices xc7z010_1] 0]
INFO: [Labtools 27-1434] Device xc7z010 (JTAG device index = 1) is programmed with a design that has no supported debug core(s) in it.
reset_run synth_1
WARNING: [Vivado 12-1017] Problems encountered:
1. Failed to delete one or more files in run directory C:/SEP y Anal/Proyecto_01_SEP/memorice_proy01/memorice_proy01/memorice_proy01.runs/synth_1

launch_runs synth_1 -jobs 8
[Mon Sep 21 17:47:32 2026] Launched synth_1...
Run output will be captured here: C:/SEP y Anal/Proyecto_01_SEP/memorice_proy01/memorice_proy01/memorice_proy01.runs/synth_1/runme.log
launch_runs impl_1 -to_step write_bitstream -jobs 8
[Mon Sep 21 17:52:09 2026] Launched impl_1...
Run output will be captured here: C:/SEP y Anal/Proyecto_01_SEP/memorice_proy01/memorice_proy01/memorice_proy01.runs/impl_1/runme.log
refresh_design
Netlist sorting complete. Time (s): cpu = 00:00:00 ; elapsed = 00:00:00 . Memory (MB): peak = 3361.469 ; gain = 0.000
INFO: [Project 1-479] Netlist was created with Vivado 2020.1
INFO: [Project 1-570] Preparing netlist for logic optimization
INFO: [Timing 38-478] Restoring timing data from binary archive.
INFO: [Timing 38-479] Binary timing data restore complete.
INFO: [Project 1-856] Restoring constraints from binary archive.
INFO: [Project 1-853] Binary constraint restore complete.
Reading XDEF placement.
Reading placer database...
Reading XDEF routing.
Read XDEF File: Time (s): cpu = 00:00:00 ; elapsed = 00:00:00.209 . Memory (MB): peak = 3361.469 ; gain = 0.000
Restored from archive | CPU: 0.000000 secs | Memory: 0.000000 MB |
Finished XDEF File Restore: Time (s): cpu = 00:00:00 ; elapsed = 00:00:00.209 . Memory (MB): peak = 3361.469 ; gain = 0.000
refresh_design: Time (s): cpu = 00:00:14 ; elapsed = 00:00:08 . Memory (MB): peak = 3361.469 ; gain = 13.773
set_property PROBES.FILE {} [get_hw_devices xc7z010_1]
set_property FULL_PROBES.FILE {} [get_hw_devices xc7z010_1]
set_property PROGRAM.FILE {C:/SEP y Anal/Proyecto_01_SEP/memorice_proy01/memorice_proy01/memorice_proy01.runs/impl_1/rand_led.bit} [get_hw_devices xc7z010_1]
program_hw_devices [get_hw_devices xc7z010_1]
INFO: [Labtools 27-3164] End of startup status: HIGH
refresh_hw_device [lindex [get_hw_devices xc7z010_1] 0]
INFO: [Labtools 27-1434] Device xc7z010 (JTAG device index = 1) is programmed with a design that has no supported debug core(s) in it.
ERROR: [Labtoolstcl 44-513] HW Target shutdown. Closing target: localhost:3121/xilinx_tcf/Digilent/210351B3FC05A
INFO: [Labtoolstcl 44-466] Opening hw_target localhost:3121/xilinx_tcf/Digilent/210351B3FC05A
WARNING: [Labtoolstcl 44-129] No matching hw_ila_data was found.
INFO: [Labtools 27-2302] Device xc7z010 (JTAG device index = 1) is programmed with a design that has 1 ILA core(s).
INFO: [Labtools 27-2302] Device xc7z010 (JTAG device index = 1) is programmed with a design that has 1 VIO core(s).
WARNING: [Labtools 27-1347] Unable to find Debug Probes file []. Please update hw_device property [PROBES.FILE]
 Update of hw_probe objects, will be skipped.
WARNING: [Labtools 27-1974] Mismatch between the design programmed into the device xc7z010_1 and the probes file(s) .
The device design has 1 ILA core(s) and 1 VIO core(s). 0 ILA core(s) and 0 VIO core(s) are matched in the probes file(s).
Resolution: 
1. Reprogram device with the correct programming file and associated probes file(s) OR
2. Goto device properties and associate the correct probes file(s) with the programming file already programmed in the device.
WARNING: [Labtoolstcl 44-129] No matching hw_ila_data was found.
ERROR: [Xicom 50-38] xicom: Unable to connect to debug core(s) on the target device. Check cable connectivity and that the target board is powered up then use the disconnect_hw_server and connect_hw_server to re-initialize the hardware target. Use open_hw_target to re-register the hardware device.
ERROR: [Labtoolstcl 44-513] HW Target shutdown. Closing target: localhost:3121/xilinx_tcf/Digilent/210351B3FC05A
